Archive member included to satisfy reference by file (symbol)

c:/st/stm32cubeide_1.11.2/stm32cubeide/plugins/com.st.stm32cube.ide.mcu.externaltools.gnu-tools-for-stm32.10.3-2021.10.win32_1.0.100.202210260954/tools/bin/../lib/gcc/arm-none-eabi/10.3.1/../../../../arm-none-eabi/lib/thumb/v7e-m+fp/hard\libc_nano.a(lib_a-errno.o)
                              ./Core/Src/syscalls.o (__errno)
c:/st/stm32cubeide_1.11.2/stm32cubeide/plugins/com.st.stm32cube.ide.mcu.externaltools.gnu-tools-for-stm32.10.3-2021.10.win32_1.0.100.202210260954/tools/bin/../lib/gcc/arm-none-eabi/10.3.1/../../../../arm-none-eabi/lib/thumb/v7e-m+fp/hard\libc_nano.a(lib_a-exit.o)
                              c:/st/stm32cubeide_1.11.2/stm32cubeide/plugins/com.st.stm32cube.ide.mcu.externaltools.gnu-tools-for-stm32.10.3-2021.10.win32_1.0.100.202210260954/tools/bin/../lib/gcc/arm-none-eabi/10.3.1/../../../../arm-none-eabi/lib/thumb/v7e-m+fp/hard/crt0.o (exit)
c:/st/stm32cubeide_1.11.2/stm32cubeide/plugins/com.st.stm32cube.ide.mcu.externaltools.gnu-tools-for-stm32.10.3-2021.10.win32_1.0.100.202210260954/tools/bin/../lib/gcc/arm-none-eabi/10.3.1/../../../../arm-none-eabi/lib/thumb/v7e-m+fp/hard\libc_nano.a(lib_a-impure.o)
                              c:/st/stm32cubeide_1.11.2/stm32cubeide/plugins/com.st.stm32cube.ide.mcu.externaltools.gnu-tools-for-stm32.10.3-2021.10.win32_1.0.100.202210260954/tools/bin/../lib/gcc/arm-none-eabi/10.3.1/../../../../arm-none-eabi/lib/thumb/v7e-m+fp/hard\libc_nano.a(lib_a-exit.o) (_global_impure_ptr)
c:/st/stm32cubeide_1.11.2/stm32cubeide/plugins/com.st.stm32cube.ide.mcu.externaltools.gnu-tools-for-stm32.10.3-2021.10.win32_1.0.100.202210260954/tools/bin/../lib/gcc/arm-none-eabi/10.3.1/../../../../arm-none-eabi/lib/thumb/v7e-m+fp/hard\libc_nano.a(lib_a-init.o)
                              c:/st/stm32cubeide_1.11.2/stm32cubeide/plugins/com.st.stm32cube.ide.mcu.externaltools.gnu-tools-for-stm32.10.3-2021.10.win32_1.0.100.202210260954/tools/bin/../lib/gcc/arm-none-eabi/10.3.1/../../../../arm-none-eabi/lib/thumb/v7e-m+fp/hard/crt0.o (__libc_init_array)
c:/st/stm32cubeide_1.11.2/stm32cubeide/plugins/com.st.stm32cube.ide.mcu.externaltools.gnu-tools-for-stm32.10.3-2021.10.win32_1.0.100.202210260954/tools/bin/../lib/gcc/arm-none-eabi/10.3.1/../../../../arm-none-eabi/lib/thumb/v7e-m+fp/hard\libc_nano.a(lib_a-memset.o)
                              c:/st/stm32cubeide_1.11.2/stm32cubeide/plugins/com.st.stm32cube.ide.mcu.externaltools.gnu-tools-for-stm32.10.3-2021.10.win32_1.0.100.202210260954/tools/bin/../lib/gcc/arm-none-eabi/10.3.1/../../../../arm-none-eabi/lib/thumb/v7e-m+fp/hard/crt0.o (memset)
c:/st/stm32cubeide_1.11.2/stm32cubeide/plugins/com.st.stm32cube.ide.mcu.externaltools.gnu-tools-for-stm32.10.3-2021.10.win32_1.0.100.202210260954/tools/bin/../lib/gcc/arm-none-eabi/10.3.1/../../../../arm-none-eabi/lib/thumb/v7e-m+fp/hard\libc_nano.a(lib_a-nano-vfprintf_float.o)
                              (_printf_float)
c:/st/stm32cubeide_1.11.2/stm32cubeide/plugins/com.st.stm32cube.ide.mcu.externaltools.gnu-tools-for-stm32.10.3-2021.10.win32_1.0.100.202210260954/tools/bin/../lib/gcc/arm-none-eabi/10.3.1/../../../../arm-none-eabi/lib/thumb/v7e-m+fp/hard\libc_nano.a(lib_a-nano-vfprintf_i.o)
                              c:/st/stm32cubeide_1.11.2/stm32cubeide/plugins/com.st.stm32cube.ide.mcu.externaltools.gnu-tools-for-stm32.10.3-2021.10.win32_1.0.100.202210260954/tools/bin/../lib/gcc/arm-none-eabi/10.3.1/../../../../arm-none-eabi/lib/thumb/v7e-m+fp/hard\libc_nano.a(lib_a-nano-vfprintf_float.o) (_printf_common)
c:/st/stm32cubeide_1.11.2/stm32cubeide/plugins/com.st.stm32cube.ide.mcu.externaltools.gnu-tools-for-stm32.10.3-2021.10.win32_1.0.100.202210260954/tools/bin/../lib/gcc/arm-none-eabi/10.3.1/../../../../arm-none-eabi/lib/thumb/v7e-m+fp/hard\libc_nano.a(lib_a-printf.o)
                              ./Core/Src/sensor.o (printf)
c:/st/stm32cubeide_1.11.2/stm32cubeide/plugins/com.st.stm32cube.ide.mcu.externaltools.gnu-tools-for-stm32.10.3-2021.10.win32_1.0.100.202210260954/tools/bin/../lib/gcc/arm-none-eabi/10.3.1/../../../../arm-none-eabi/lib/thumb/v7e-m+fp/hard\libc_nano.a(lib_a-puts.o)
                              ./Core/Src/sensor.o (puts)
c:/st/stm32cubeide_1.11.2/stm32cubeide/plugins/com.st.stm32cube.ide.mcu.externaltools.gnu-tools-for-stm32.10.3-2021.10.win32_1.0.100.202210260954/tools/bin/../lib/gcc/arm-none-eabi/10.3.1/../../../../arm-none-eabi/lib/thumb/v7e-m+fp/hard\libc_nano.a(lib_a-strlen.o)
                              c:/st/stm32cubeide_1.11.2/stm32cubeide/plugins/com.st.stm32cube.ide.mcu.externaltools.gnu-tools-for-stm32.10.3-2021.10.win32_1.0.100.202210260954/tools/bin/../lib/gcc/arm-none-eabi/10.3.1/../../../../arm-none-eabi/lib/thumb/v7e-m+fp/hard\libc_nano.a(lib_a-nano-vfprintf_float.o) (strlen)
[...]
Memory Configuration

Name             Origin             Length             Attributes
CCMRAM           0x0000000010000000 0x0000000000010000 xrw
RAM              0x0000000020000000 0x0000000000020000 xrw
FLASH            0x0000000008000000 0x0000000000100000 xr
*default*        0x0000000000000000 0xffffffffffffffff

Linker script and memory map

LOAD c:/st/stm32cubeide_1.11.2/stm32cubeide/plugins/com.st.stm32cube.ide.mcu.externaltools.gnu-tools-for-stm32.10.3-2021.10.win32_1.0.100.202210260954/tools/bin/../lib/gcc/arm-none-eabi/10.3.1/thumb/v7e-m+fp/hard/crti.o
LOAD c:/st/stm32cubeide_1.11.2/stm32cubeide/plugins/com.st.stm32cube.ide.mcu.externaltools.gnu-tools-for-stm32.10.3-2021.10.win32_1.0.100.202210260954/tools/bin/../lib/gcc/arm-none-eabi/10.3.1/thumb/v7e-m+fp/hard/crtbegin.o
LOAD c:/st/stm32cubeide_1.11.2/stm32cubeide/plugins/com.st.stm32cube.ide.mcu.externaltools.gnu-tools-for-stm32.10.3-2021.10.win32_1.0.100.202210260954/tools/bin/../lib/gcc/arm-none-eabi/10.3.1/../../../../arm-none-eabi/lib/thumb/v7e-m+fp/hard/crt0.o
LOAD ./Core/Src/LED.o
LOAD ./Core/Src/SW1.o
LOAD ./Core/Src/VelocityPlan.o
LOAD ./Core/Src/control.o
LOAD ./Core/Src/flag.o
LOAD ./Core/Src/main.o
LOAD ./Core/Src/sensor.o
LOAD ./Core/Src/stm32f4xx_hal_msp.o
LOAD ./Core/Src/stm32f4xx_it.o
LOAD ./Core/Src/syscalls.o
LOAD ./Core/Src/sysmem.o
LOAD ./Core/Src/system_stm32f4xx.o
LOAD ./Core/Src/usart.o
LOAD ./Core/Startup/startup_stm32f405rgtx.o
LOAD ./Drivers/STM32F4xx_HAL_Driver/Src/stm32f4xx_hal.o
LOAD ./Drivers/STM32F4xx_HAL_Driver/Src/stm32f4xx_hal_adc.o
LOAD ./Drivers/STM32F4xx_HAL_Driver/Src/stm32f4xx_hal_adc_ex.o
LOAD ./Drivers/STM32F4xx_HAL_Driver/Src/stm32f4xx_hal_cortex.o
LOAD ./Drivers/STM32F4xx_HAL_Driver/Src/stm32f4xx_hal_dma.o
LOAD ./Drivers/STM32F4xx_HAL_Driver/Src/stm32f4xx_hal_dma_ex.o
LOAD ./Drivers/STM32F4xx_HAL_Driver/Src/stm32f4xx_hal_exti.o
LOAD ./Drivers/STM32F4xx_HAL_Driver/Src/stm32f4xx_hal_flash.o
LOAD ./Drivers/STM32F4xx_HAL_Driver/Src/stm32f4xx_hal_flash_ex.o
LOAD ./Drivers/STM32F4xx_HAL_Driver/Src/stm32f4xx_hal_flash_ramfunc.o
LOAD ./Drivers/STM32F4xx_HAL_Driver/Src/stm32f4xx_hal_gpio.o
LOAD ./Drivers/STM32F4xx_HAL_Driver/Src/stm32f4xx_hal_i2c.o
LOAD ./Drivers/STM32F4xx_HAL_Driver/Src/stm32f4xx_hal_i2c_ex.o
LOAD ./Drivers/STM32F4xx_HAL_Driver/Src/stm32f4xx_hal_pwr.o
LOAD ./Drivers/STM32F4xx_HAL_Driver/Src/stm32f4xx_hal_pwr_ex.o
LOAD ./Drivers/STM32F4xx_HAL_Driver/Src/stm32f4xx_hal_rcc.o
LOAD ./Drivers/STM32F4xx_HAL_Driver/Src/stm32f4xx_hal_rcc_ex.o
LOAD ./Drivers/STM32F4xx_HAL_Driver/Src/stm32f4xx_hal_spi.o
LOAD ./Drivers/STM32F4xx_HAL_Driver/Src/stm32f4xx_hal_tim.o
LOAD ./Drivers/STM32F4xx_HAL_Driver/Src/stm32f4xx_hal_tim_ex.o
LOAD ./Drivers/STM32F4xx_HAL_Driver/Src/stm32f4xx_hal_uart.o
LOAD ./Drivers/STM32F4xx_HAL_Driver/Src/stm32f4xx_ll_adc.o
START GROUP
LOAD c:/st/stm32cubeide_1.11.2/stm32cubeide/plugins/com.st.stm32cube.ide.mcu.externaltools.gnu-tools-for-stm32.10.3-2021.10.win32_1.0.100.202210260954/tools/bin/../lib/gcc/arm-none-eabi/10.3.1/../../../../arm-none-eabi/lib/thumb/v7e-m+fp/hard\libc_nano.a
LOAD c:/st/stm32cubeide_1.11.2/stm32cubeide/plugins/com.st.stm32cube.ide.mcu.externaltools.gnu-tools-for-stm32.10.3-2021.10.win32_1.0.100.202210260954/tools/bin/../lib/gcc/arm-none-eabi/10.3.1/../../../../arm-none-eabi/lib/thumb/v7e-m+fp/hard\libm.a
END GROUP
START GROUP
LOAD c:/st/stm32cubeide_1.11.2/stm32cubeide/plugins/com.st.stm32cube.ide.mcu.externaltools.gnu-tools-for-stm32.10.3-2021.10.win32_1.0.100.202210260954/tools/bin/../lib/gcc/arm-none-eabi/10.3.1/thumb/v7e-m+fp/hard\libgcc.a
LOAD c:/st/stm32cubeide_1.11.2/stm32cubeide/plugins/com.st.stm32cube.ide.mcu.externaltools.gnu-tools-for-stm32.10.3-2021.10.win32_1.0.100.202210260954/tools/bin/../lib/gcc/arm-none-eabi/10.3.1/../../../../arm-none-eabi/lib/thumb/v7e-m+fp/hard\libc_nano.a
END GROUP
START GROUP
LOAD c:/st/stm32cubeide_1.11.2/stm32cubeide/plugins/com.st.stm32cube.ide.mcu.externaltools.gnu-tools-for-stm32.10.3-2021.10.win32_1.0.100.202210260954/tools/bin/../lib/gcc/arm-none-eabi/10.3.1/thumb/v7e-m+fp/hard\libgcc.a
LOAD c:/st/stm32cubeide_1.11.2/stm32cubeide/plugins/com.st.stm32cube.ide.mcu.externaltools.gnu-tools-for-stm32.10.3-2021.10.win32_1.0.100.202210260954/tools/bin/../lib/gcc/arm-none-eabi/10.3.1/../../../../arm-none-eabi/lib/thumb/v7e-m+fp/hard\libc_nano.a
LOAD c:/st/stm32cubeide_1.11.2/stm32cubeide/plugins/com.st.stm32cube.ide.mcu.externaltools.gnu-tools-for-stm32.10.3-2021.10.win32_1.0.100.202210260954/tools/bin/../lib/gcc/arm-none-eabi/10.3.1/../../../../arm-none-eabi/lib/thumb/v7e-m+fp/hard\libnosys.a
END GROUP
START GROUP
LOAD c:/st/stm32cubeide_1.11.2/stm32cubeide/plugins/com.st.stm32cube.ide.mcu.externaltools.gnu-tools-for-stm32.10.3-2021.10.win32_1.0.100.202210260954/tools/bin/../lib/gcc/arm-none-eabi/10.3.1/thumb/v7e-m+fp/hard\libgcc.a
LOAD c:/st/stm32cubeide_1.11.2/stm32cubeide/plugins/com.st.stm32cube.ide.mcu.externaltools.gnu-tools-for-stm32.10.3-2021.10.win32_1.0.100.202210260954/tools/bin/../lib/gcc/arm-none-eabi/10.3.1/../../../../arm-none-eabi/lib/thumb/v7e-m+fp/hard\libc_nano.a
LOAD c:/st/stm32cubeide_1.11.2/stm32cubeide/plugins/com.st.stm32cube.ide.mcu.externaltools.gnu-tools-for-stm32.10.3-2021.10.win32_1.0.100.202210260954/tools/bin/../lib/gcc/arm-none-eabi/10.3.1/../../../../arm-none-eabi/lib/thumb/v7e-m+fp/hard\libnosys.a
END GROUP
LOAD c:/st/stm32cubeide_1.11.2/stm32cubeide/plugins/com.st.stm32cube.ide.mcu.externaltools.gnu-tools-for-stm32.10.3-2021.10.win32_1.0.100.202210260954/tools/bin/../lib/gcc/arm-none-eabi/10.3.1/thumb/v7e-m+fp/hard/crtend.o
LOAD c:/st/stm32cubeide_1.11.2/stm32cubeide/plugins/com.st.stm32cube.ide.mcu.externaltools.gnu-tools-for-stm32.10.3-2021.10.win32_1.0.100.202210260954/tools/bin/../lib/gcc/arm-none-eabi/10.3.1/thumb/v7e-m+fp/hard/crtn.o
                0x0000000020020000                _estack = (ORIGIN (RAM) + LENGTH (RAM))
                0x0000000000000200                _Min_Heap_Size = 0x200
                0x0000000000000400                _Min_Stack_Size = 0x400

.isr_vector     0x0000000008000000      0x188
                0x0000000008000000                . = ALIGN (0x4)
 *(.isr_vector)
 .isr_vector    0x0000000008000000      0x188 ./Core/Startup/startup_stm32f405rgtx.o
                0x0000000008000000                g_pfnVectors
                0x0000000008000188                . = ALIGN (0x4)

.text           0x0000000008000190     0xb218
                0x0000000008000190                . = ALIGN (0x4)
 *(.text)
 .text          0x0000000008000190       0x40 c:/st/stm32cubeide_1.11.2/stm32cubeide/plugins/com.st.stm32cube.ide.mcu.externaltools.gnu-tools-for-stm32.10.3-2021.10.win32_1.0.100.202210260954/tools/bin/../lib/gcc/arm-none-eabi/10.3.1/thumb/v7e-m+fp/hard/crtbegin.o
 .text          0x00000000080001d0       0x10 c:/st/stm32cubeide_1.11.2/stm32cubeide/plugins/com.st.stm32cube.ide.mcu.externaltools.gnu-tools-for-stm32.10.3-2021.10.win32_1.0.100.202210260954/tools/bin/../lib/gcc/arm-none-eabi/10.3.1/../../../../arm-none-eabi/lib/thumb/v7e-m+fp/hard\libc_nano.a(lib_a-strlen.o)
                0x00000000080001d0                strlen
 .text          0x00000000080001e0       0xa0 c:/st/stm32cubeide_1.11.2/stm32cubeide/plugins/com.st.stm32cube.ide.mcu.externaltools.gnu-tools-for-stm32.10.3-2021.10.win32_1.0.100.202210260954/tools/bin/../lib/gcc/arm-none-eabi/10.3.1/../../../../arm-none-eabi/lib/thumb/v7e-m+fp/hard\libc_nano.a(lib_a-memchr.o)
                0x00000000080001e0                memchr
 .text          0x0000000008000280      0x378 c:/st/stm32cubeide_1.11.2/stm32cubeide/plugins/com.st.stm32cube.ide.mcu.externaltools.gnu-tools-for-stm32.10.3-2021.10.win32_1.0.100.202210260954/tools/bin/../lib/gcc/arm-none-eabi/10.3.1/thumb/v7e-m+fp/hard\libgcc.a(_arm_addsubdf3.o)
                0x0000000008000280                __aeabi_drsub
                0x0000000008000288                __aeabi_dsub
                0x0000000008000288                __subdf3
                0x000000000800028c                __aeabi_dadd
                0x000000000800028c                __adddf3
                0x0000000008000504                __floatunsidf
                0x0000000008000504                __aeabi_ui2d
                0x0000000008000524                __floatsidf
                0x0000000008000524                __aeabi_i2d
                0x0000000008000548                __aeabi_f2d
                0x0000000008000548                __extendsfdf2
                0x000000000800058c                __floatundidf
                0x000000000800058c                __aeabi_ul2d
                0x000000000800059c                __floatdidf
                0x000000000800059c                __aeabi_l2d
 .text          0x00000000080005f8      0x424 c:/st/stm32cubeide_1.11.2/stm32cubeide/plugins/com.st.stm32cube.ide.mcu.externaltools.gnu-tools-for-stm32.10.3-2021.10.win32_1.0.100.202210260954/tools/bin/../lib/gcc/arm-none-eabi/10.3.1/thumb/v7e-m+fp/hard\libgcc.a(_arm_muldivdf3.o)
                0x00000000080005f8                __aeabi_dmul
                0x00000000080005f8                __muldf3
                0x000000000800084c                __divdf3
                0x000000000800084c                __aeabi_ddiv
 .text          0x0000000008000a1c      0x110 c:/st/stm32cubeide_1.11.2/stm32cubeide/plugins/com.st.stm32cube.ide.mcu.externaltools.gnu-tools-for-stm32.10.3-2021.10.win32_1.0.100.202210260954/tools/bin/../lib/gcc/arm-none-eabi/10.3.1/thumb/v7e-m+fp/hard\libgcc.a(_arm_cmpdf2.o)
                0x0000000008000a1c                __gtdf2
                0x0000000008000a1c                __gedf2
                0x0000000008000a24                __ltdf2
                0x0000000008000a24                __ledf2
                0x0000000008000a2c                __nedf2
                0x0000000008000a2c                __eqdf2
                0x0000000008000a2c                __cmpdf2
                0x0000000008000aa8                __aeabi_cdrcmple
                0x0000000008000ab8                __aeabi_cdcmpeq
                0x0000000008000ab8                __aeabi_cdcmple
                0x0000000008000ac8                __aeabi_dcmpeq
                0x0000000008000adc                __aeabi_dcmplt
                0x0000000008000af0                __aeabi_dcmple
                0x0000000008000b04                __aeabi_dcmpge
                0x0000000008000b18                __aeabi_dcmpgt
 .text          0x0000000008000b2c       0x2c c:/st/stm32cubeide_1.11.2/stm32cubeide/plugins/com.st.stm32cube.ide.mcu.externaltools.gnu-tools-for-stm32.10.3-2021.10.win32_1.0.100.202210260954/tools/bin/../lib/gcc/arm-none-eabi/10.3.1/thumb/v7e-m+fp/hard\libgcc.a(_arm_unorddf2.o)
                0x0000000008000b2c                __unorddf2
                0x0000000008000b2c                __aeabi_dcmpun
 .text          0x0000000008000b58       0x50 c:/st/stm32cubeide_1.11.2/stm32cubeide/plugins/com.st.stm32cube.ide.mcu.externaltools.gnu-tools-for-stm32.10.3-2021.10.win32_1.0.100.202210260954/tools/bin/../lib/gcc/arm-none-eabi/10.3.1/thumb/v7e-m+fp/hard\libgcc.a(_arm_fixdfsi.o)
                0x0000000008000b58                __aeabi_d2iz
                0x0000000008000b58                __fixdfsi
 .text          0x0000000008000ba8       0x40 c:/st/stm32cubeide_1.11.2/stm32cubeide/plugins/com.st.stm32cube.ide.mcu.externaltools.gnu-tools-for-stm32.10.3-2021.10.win32_1.0.100.202210260954/tools/bin/../lib/gcc/arm-none-eabi/10.3.1/thumb/v7e-m+fp/hard\libgcc.a(_arm_fixunsdfsi.o)
                0x0000000008000ba8                __aeabi_d2uiz
                0x0000000008000ba8                __fixunsdfsi
 .text          0x0000000008000be8       0xa0 c:/st/stm32cubeide_1.11.2/stm32cubeide/plugins/com.st.stm32cube.ide.mcu.externaltools.gnu-tools-for-stm32.10.3-2021.10.win32_1.0.100.202210260954/tools/bin/../lib/gcc/arm-none-eabi/10.3.1/thumb/v7e-m+fp/hard\libgcc.a(_arm_truncdfsf2.o)
                0x0000000008000be8                __truncdfsf2
                0x0000000008000be8                __aeabi_d2f
 .text          0x0000000008000c88       0x30 c:/st/stm32cubeide_1.11.2/stm32cubeide/plugins/com.st.stm32cube.ide.mcu.externaltools.gnu-tools-for-stm32.10.3-2021.10.win32_1.0.100.202210260954/tools/bin/../lib/gcc/arm-none-eabi/10.3.1/thumb/v7e-m+fp/hard\libgcc.a(_aeabi_uldivmod.o)
                0x0000000008000c88                __aeabi_uldivmod
 .text          0x0000000008000cb8      0x2d0 c:/st/stm32cubeide_1.11.2/stm32cubeide/plugins/com.st.stm32cube.ide.mcu.externaltools.gnu-tools-for-stm32.10.3-2021.10.win32_1.0.100.202210260954/tools/bin/../lib/gcc/arm-none-eabi/10.3.1/thumb/v7e-m+fp/hard\libgcc.a(_udivmoddi4.o)
                0x0000000008000cb8                __udivmoddi4
 .text          0x0000000008000f88        0x4 c:/st/stm32cubeide_1.11.2/stm32cubeide/plugins/com.st.stm32cube.ide.mcu.externaltools.gnu-tools-for-stm32.10.3-2021.10.win32_1.0.100.202210260954/tools/bin/../lib/gcc/arm-none-eabi/10.3.1/thumb/v7e-m+fp/hard\libgcc.a(_dvmd_tls.o)
                0x0000000008000f88                __aeabi_idiv0
                0x0000000008000f88                __aeabi_ldiv0
 *(.text*)
 .text.LED_RGB  0x0000000008000f8c      0x154 ./Core/Src/LED.o
                0x0000000008000f8c                LED_RGB
 .text.LED_RGB_2
                0x00000000080010e0      0x170 ./Core/Src/LED.o
                0x00000000080010e0                LED_RGB_2
 .text.ButtonPress
                0x0000000008001250       0x7c ./Core/Src/SW1.o
                0x0000000008001250                ButtonPress
 *fill*         0x00000000080012cc        0x4 
 .text.mode_test
                0x00000000080012d0      0x218 ./Core/Src/SW1.o
                0x00000000080012d0                mode_test
 .text.change_mode
                0x00000000080014e8       0x10 ./Core/Src/SW1.o
                0x00000000080014e8                change_mode
 .text.test_DD  0x00000000080014f8      0x170 ./Core/Src/SW1.o
                0x00000000080014f8                test_DD
 .text.ControlMotor
                0x0000000008001668       0xdc ./Core/Src/control.o
                0x0000000008001668                ControlMotor
 .text.HAL_TIM_PeriodElapsedCallback
                0x0000000008001744       0xd8 ./Core/Src/main.o
                0x0000000008001744                HAL_TIM_PeriodElapsedCallback
 .text.HAL_ADC_ConvCpltCallback
                0x000000000800181c       0x14 ./Core/Src/main.o
                0x000000000800181c                HAL_ADC_ConvCpltCallback
 .text.main     0x0000000008001830      0x148 ./Core/Src/main.o
                0x0000000008001830                main
 .text.SystemClock_Config
                0x0000000008001978       0xd4 ./Core/Src/main.o
                0x0000000008001978                SystemClock_Config
 .text.MX_ADC1_Init
                0x0000000008001a4c      0x1f4 ./Core/Src/main.o
 .text.MX_I2C1_Init
                0x0000000008001c40       0x5c ./Core/Src/main.o
 .text.MX_SPI3_Init
                0x0000000008001c9c       0x6c ./Core/Src/main.o
 .text.MX_TIM1_Init
                0x0000000008001d08      0x108 ./Core/Src/main.o
 .text.MX_TIM2_Init
                0x0000000008001e10       0xb0 ./Core/Src/main.o
 .text.MX_TIM3_Init
                0x0000000008001ec0       0xa8 ./Core/Src/main.o
 .text.MX_TIM4_Init
                0x0000000008001f68       0xa8 ./Core/Src/main.o
 .text.MX_TIM6_Init
                0x0000000008002010       0x6c ./Core/Src/main.o
 .text.MX_TIM7_Init
                0x000000000800207c       0x6c ./Core/Src/main.o
 .text.MX_TIM8_Init
                0x00000000080020e8      0x104 ./Core/Src/main.o
 .text.MX_USART6_UART_Init
                0x00000000080021ec       0x54 ./Core/Src/main.o
 .text.MX_DMA_Init
                0x0000000008002240       0x40 ./Core/Src/main.o
 .text.MX_GPIO_Init
                0x0000000008002280      0x198 ./Core/Src/main.o
 .text.Error_Handler
                0x0000000008002418        0xe ./Core/Src/main.o
                0x0000000008002418                Error_Handler
 *fill*         0x0000000008002426        0x2 
 .text.readSens2
                0x0000000008002428       0x48 ./Core/Src/sensor.o
                0x0000000008002428                readSens2
 .text.calibrate_sensors
                0x0000000008002470      0x114 ./Core/Src/sensor.o
                0x0000000008002470                calibrate_sensors
 .text.sens_get
                0x0000000008002584      0x1c4 ./Core/Src/sensor.o
                0x0000000008002584                sens_get
 .text.calculateEncoderSpeed
                0x0000000008002748      0x1dc ./Core/Src/sensor.o
                0x0000000008002748                calculateEncoderSpeed
 *fill*         0x0000000008002924        0x4 
 .text.EncoderSpeed
                0x0000000008002928      0x14c ./Core/Src/sensor.o
                0x0000000008002928                EncoderSpeed
 *fill*         0x0000000008002a74        0x4 
 .text.SpeedControl_NoENC
                0x0000000008002a78      0x220 ./Core/Src/sensor.o
                0x0000000008002a78                SpeedControl_NoENC
 .text.BuildSegmentTable
                0x0000000008002c98      0x140 ./Core/Src/sensor.o
                0x0000000008002c98                BuildSegmentTable
 .text.VelocityPlan
                0x0000000008002dd8       0xb0 ./Core/Src/sensor.o
                0x0000000008002dd8                VelocityPlan
 .text.decideSpeed
                0x0000000008002e88       0x5c ./Core/Src/sensor.o
                0x0000000008002e88                decideSpeed
 .text.PrintVelocityData
                0x0000000008002ee4       0x78 ./Core/Src/sensor.o
                0x0000000008002ee4                PrintVelocityData
 .text.odom_update
                0x0000000008002f5c      0x13c ./Core/Src/sensor.o
                0x0000000008002f5c                odom_update
 .text.fit_circle_kasa
                0x0000000008003098      0x5a8 ./Core/Src/sensor.o
                0x0000000008003098                fit_circle_kasa
 .text.HAL_MspInit
                0x0000000008003640       0x50 ./Core/Src/stm32f4xx_hal_msp.o
                0x0000000008003640                HAL_MspInit
 .text.HAL_ADC_MspInit
                0x0000000008003690      0x160 ./Core/Src/stm32f4xx_hal_msp.o
                0x0000000008003690                HAL_ADC_MspInit
 .text.HAL_I2C_MspInit
                0x00000000080037f0       0x90 ./Core/Src/stm32f4xx_hal_msp.o
                0x00000000080037f0                HAL_I2C_MspInit
 .text.HAL_SPI_MspInit
                0x0000000008003880       0x90 ./Core/Src/stm32f4xx_hal_msp.o
                0x0000000008003880                HAL_SPI_MspInit
 .text.HAL_TIM_PWM_MspInit
                0x0000000008003910       0x98 ./Core/Src/stm32f4xx_hal_msp.o
                0x0000000008003910                HAL_TIM_PWM_MspInit
 .text.HAL_TIM_Encoder_MspInit
                0x00000000080039a8       0xfc ./Core/Src/stm32f4xx_hal_msp.o
                0x00000000080039a8                HAL_TIM_Encoder_MspInit
 .text.HAL_TIM_Base_MspInit
                0x0000000008003aa4       0x8c ./Core/Src/stm32f4xx_hal_msp.o
                0x0000000008003aa4                HAL_TIM_Base_MspInit
 .text.HAL_TIM_MspPostInit
                0x0000000008003b30      0x114 ./Core/Src/stm32f4xx_hal_msp.o
                0x0000000008003b30                HAL_TIM_MspPostInit
 .text.HAL_UART_MspInit
                0x0000000008003c44       0x90 ./Core/Src/stm32f4xx_hal_msp.o
                0x0000000008003c44                HAL_UART_MspInit
 .text.NMI_Handler
                0x0000000008003cd4        0x6 ./Core/Src/stm32f4xx_it.o
                0x0000000008003cd4                NMI_Handler
 .text.HardFault_Handler
                0x0000000008003cda        0x6 ./Core/Src/stm32f4xx_it.o
                0x0000000008003cda                HardFault_Handler
 .text.MemManage_Handler
                0x0000000008003ce0        0x6 ./Core/Src/stm32f4xx_it.o
                0x0000000008003ce0                MemManage_Handler
 .text.BusFault_Handler
                0x0000000008003ce6        0x6 ./Core/Src/stm32f4xx_it.o
                0x0000000008003ce6                BusFault_Handler
 .text.UsageFault_Handler
                0x0000000008003cec        0x6 ./Core/Src/stm32f4xx_it.o
                0x0000000008003cec                UsageFault_Handler
 .text.SVC_Handler
                0x0000000008003cf2        0xe ./Core/Src/stm32f4xx_it.o
                0x0000000008003cf2                SVC_Handler
 .text.DebugMon_Handler
                0x0000000008003d00        0xe ./Core/Src/stm32f4xx_it.o
                0x0000000008003d00                DebugMon_Handler
 .text.PendSV_Handler
                0x0000000008003d0e        0xe ./Core/Src/stm32f4xx_it.o
                0x0000000008003d0e                PendSV_Handler
 .text.SysTick_Handler
                0x0000000008003d1c        0xc ./Core/Src/stm32f4xx_it.o
                0x0000000008003d1c                SysTick_Handler
 .text.TIM6_DAC_IRQHandler
                0x0000000008003d28       0x14 ./Core/Src/stm32f4xx_it.o
                0x0000000008003d28                TIM6_DAC_IRQHandler
 .text.TIM7_IRQHandler
                0x0000000008003d3c       0x14 ./Core/Src/stm32f4xx_it.o
                0x0000000008003d3c                TIM7_IRQHandler
 .text.DMA2_Stream0_IRQHandler
                0x0000000008003d50       0x14 ./Core/Src/stm32f4xx_it.o
                0x0000000008003d50                DMA2_Stream0_IRQHandler
 .text._getpid  0x0000000008003d64       0x10 ./Core/Src/syscalls.o
                0x0000000008003d64                _getpid
 .text._kill    0x0000000008003d74       0x20 ./Core/Src/syscalls.o
                0x0000000008003d74                _kill
 .text._exit    0x0000000008003d94       0x14 ./Core/Src/syscalls.o
                0x0000000008003d94                _exit
 .text._read    0x0000000008003da8       0x3a ./Core/Src/syscalls.o
                0x0000000008003da8                _read
 .text._close   0x0000000008003de2       0x18 ./Core/Src/syscalls.o
                0x0000000008003de2                _close
 .text._fstat   0x0000000008003dfa       0x20 ./Core/Src/syscalls.o
                0x0000000008003dfa                _fstat
 .text._isatty  0x0000000008003e1a       0x16 ./Core/Src/syscalls.o
                0x0000000008003e1a                _isatty
 .text._lseek   0x0000000008003e30       0x1a ./Core/Src/syscalls.o
                0x0000000008003e30                _lseek
 *fill*         0x0000000008003e4a        0x2 
 .text._sbrk    0x0000000008003e4c       0x6c ./Core/Src/sysmem.o
                0x0000000008003e4c                _sbrk
 .text.SystemInit
                0x0000000008003eb8       0x24 ./Core/Src/system_stm32f4xx.o
                0x0000000008003eb8                SystemInit
 .text._write   0x0000000008003edc       0x2c ./Core/Src/usart.o
                0x0000000008003edc                _write
 .text.Reset_Handler
                0x0000000008003f08       0x50 ./Core/Startup/startup_stm32f405rgtx.o
                0x0000000008003f08                Reset_Handler
 .text.Default_Handler
                0x0000000008003f58        0x2 ./Core/Startup/startup_stm32f405rgtx.o
                0x0000000008003f58                RTC_Alarm_IRQHandler
                0x0000000008003f58                HASH_RNG_IRQHandler
                0x0000000008003f58                EXTI2_IRQHandler
                0x0000000008003f58                TIM8_CC_IRQHandler
                0x0000000008003f58                TIM1_CC_IRQHandler
                0x0000000008003f58                DMA2_Stream5_IRQHandler
                0x0000000008003f58                DMA1_Stream5_IRQHandler
                0x0000000008003f58                PVD_IRQHandler
                0x0000000008003f58                SDIO_IRQHandler
                0x0000000008003f58                TAMP_STAMP_IRQHandler
                0x0000000008003f58                CAN2_RX1_IRQHandler
                0x0000000008003f58                EXTI3_IRQHandler
                0x0000000008003f58                TIM8_TRG_COM_TIM14_IRQHandler
                0x0000000008003f58                TIM1_UP_TIM10_IRQHandler
                0x0000000008003f58                TIM8_UP_TIM13_IRQHandler
                0x0000000008003f58                I2C3_ER_IRQHandler
                0x0000000008003f58                EXTI0_IRQHandler
                0x0000000008003f58                I2C2_EV_IRQHandler
                0x0000000008003f58                DMA1_Stream2_IRQHandler
                0x0000000008003f58                CAN1_RX0_IRQHandler
                0x0000000008003f58                FPU_IRQHandler
                0x0000000008003f58                OTG_HS_WKUP_IRQHandler
                0x0000000008003f58                CAN2_SCE_IRQHandler
                0x0000000008003f58                DMA2_Stream2_IRQHandler
                0x0000000008003f58                SPI1_IRQHandler
                0x0000000008003f58                TIM1_BRK_TIM9_IRQHandler
                0x0000000008003f58                CAN2_RX0_IRQHandler
                0x0000000008003f58                DMA2_Stream3_IRQHandler
                0x0000000008003f58                USART6_IRQHandler
                0x0000000008003f58                USART3_IRQHandler
                0x0000000008003f58                CAN1_RX1_IRQHandler
                0x0000000008003f58                UART5_IRQHandler
                0x0000000008003f58                TIM4_IRQHandler
                0x0000000008003f58                I2C1_EV_IRQHandler
                0x0000000008003f58                DMA1_Stream6_IRQHandler
                0x0000000008003f58                DMA1_Stream1_IRQHandler
                0x0000000008003f58                UART4_IRQHandler
                0x0000000008003f58                TIM3_IRQHandler
                0x0000000008003f58                RCC_IRQHandler
                0x0000000008003f58                TIM8_BRK_TIM12_IRQHandler
                0x0000000008003f58                Default_Handler
                0x0000000008003f58                EXTI15_10_IRQHandler
                0x0000000008003f58                ADC_IRQHandler
                0x0000000008003f58                DMA1_Stream7_IRQHandler
                0x0000000008003f58                CAN2_TX_IRQHandler
                0x0000000008003f58                TIM5_IRQHandler
                0x0000000008003f58                DMA2_Stream7_IRQHandler
                0x0000000008003f58                I2C3_EV_IRQHandler
                0x0000000008003f58                EXTI9_5_IRQHandler
                0x0000000008003f58                RTC_WKUP_IRQHandler
                0x0000000008003f58                SPI2_IRQHandler
                0x0000000008003f58                OTG_HS_EP1_IN_IRQHandler
                0x0000000008003f58                DMA1_Stream0_IRQHandler
                0x0000000008003f58                CAN1_TX_IRQHandler
                0x0000000008003f58                EXTI4_IRQHandler
                0x0000000008003f58                FSMC_IRQHandler
                0x0000000008003f58                OTG_HS_EP1_OUT_IRQHandler
                0x0000000008003f58                WWDG_IRQHandler
                0x0000000008003f58                TIM2_IRQHandler
                0x0000000008003f58                OTG_FS_WKUP_IRQHandler
                0x0000000008003f58                TIM1_TRG_COM_TIM11_IRQHandler
                0x0000000008003f58                OTG_HS_IRQHandler
                0x0000000008003f58                EXTI1_IRQHandler
                0x0000000008003f58                USART2_IRQHandler
                0x0000000008003f58                I2C2_ER_IRQHandler
                0x0000000008003f58                DMA2_Stream1_IRQHandler
                0x0000000008003f58                CAN1_SCE_IRQHandler
                0x0000000008003f58                FLASH_IRQHandler
                0x0000000008003f58                DMA2_Stream4_IRQHandler
                0x0000000008003f58                USART1_IRQHandler
                0x0000000008003f58                OTG_FS_IRQHandler
                0x0000000008003f58                SPI3_IRQHandler
                0x0000000008003f58                DMA1_Stream4_IRQHandler
                0x0000000008003f58                I2C1_ER_IRQHandler
                0x0000000008003f58                DMA2_Stream6_IRQHandler
                0x0000000008003f58                DMA1_Stream3_IRQHandler
 *fill*         0x0000000008003f5a        0x2 
 .text.HAL_Init
                0x0000000008003f5c       0x44 ./Drivers/STM32F4xx_HAL_Driver/Src/stm32f4xx_hal.o
                0x0000000008003f5c                HAL_Init
 .text.HAL_InitTick
                0x0000000008003fa0       0x60 ./Drivers/STM32F4xx_HAL_Driver/Src/stm32f4xx_hal.o
                0x0000000008003fa0                HAL_InitTick
 .text.HAL_IncTick
                0x0000000008004000       0x28 ./Drivers/STM32F4xx_HAL_Driver/Src/stm32f4xx_hal.o
                0x0000000008004000                HAL_IncTick
 .text.HAL_GetTick
                0x0000000008004028       0x18 ./Drivers/STM32F4xx_HAL_Driver/Src/stm32f4xx_hal.o
                0x0000000008004028                HAL_GetTick
 .text.HAL_Delay
                0x0000000008004040       0x48 ./Drivers/STM32F4xx_HAL_Driver/Src/stm32f4xx_hal.o
                0x0000000008004040                HAL_Delay
 .text.HAL_ADC_Init
                0x0000000008004088       0x86 ./Drivers/STM32F4xx_HAL_Driver/Src/stm32f4xx_hal_adc.o
                0x0000000008004088                HAL_ADC_Init
 *fill*         0x000000000800410e        0x2 
 .text.HAL_ADC_Start_DMA
                0x0000000008004110      0x220 ./Drivers/STM32F4xx_HAL_Driver/Src/stm32f4xx_hal_adc.o
                0x0000000008004110                HAL_ADC_Start_DMA
 .text.HAL_ADC_ConvHalfCpltCallback
                0x0000000008004330       0x14 ./Drivers/STM32F4xx_HAL_Driver/Src/stm32f4xx_hal_adc.o
                0x0000000008004330                HAL_ADC_ConvHalfCpltCallback
 .text.HAL_ADC_ErrorCallback
                0x0000000008004344       0x14 ./Drivers/STM32F4xx_HAL_Driver/Src/stm32f4xx_hal_adc.o
                0x0000000008004344                HAL_ADC_ErrorCallback
 .text.HAL_ADC_ConfigChannel
                0x0000000008004358      0x244 ./Drivers/STM32F4xx_HAL_Driver/Src/stm32f4xx_hal_adc.o
                0x0000000008004358                HAL_ADC_ConfigChannel
 .text.ADC_Init
                0x000000000800459c      0x1f8 ./Drivers/STM32F4xx_HAL_Driver/Src/stm32f4xx_hal_adc.o
 .text.ADC_DMAConvCplt
                0x0000000008004794       0xba ./Drivers/STM32F4xx_HAL_Driver/Src/stm32f4xx_hal_adc.o
 .text.ADC_DMAHalfConvCplt
                0x000000000800484e       0x1c ./Drivers/STM32F4xx_HAL_Driver/Src/stm32f4xx_hal_adc.o
 .text.ADC_DMAError
                0x000000000800486a       0x2e ./Drivers/STM32F4xx_HAL_Driver/Src/stm32f4xx_hal_adc.o
 .text.__NVIC_SetPriorityGrouping
                0x0000000008004898       0x48 ./Drivers/STM32F4xx_HAL_Driver/Src/stm32f4xx_hal_cortex.o
 .text.__NVIC_GetPriorityGrouping
                0x00000000080048e0       0x1c ./Drivers/STM32F4xx_HAL_Driver/Src/stm32f4xx_hal_cortex.o
 .text.__NVIC_EnableIRQ
                0x00000000080048fc       0x3c ./Drivers/STM32F4xx_HAL_Driver/Src/stm32f4xx_hal_cortex.o
 .text.__NVIC_SetPriority
                0x0000000008004938       0x54 ./Drivers/STM32F4xx_HAL_Driver/Src/stm32f4xx_hal_cortex.o
 .text.NVIC_EncodePriority
                0x000000000800498c       0x66 ./Drivers/STM32F4xx_HAL_Driver/Src/stm32f4xx_hal_cortex.o
 *fill*         0x00000000080049f2        0x2 
 .text.SysTick_Config
                0x00000000080049f4       0x44 ./Drivers/STM32F4xx_HAL_Driver/Src/stm32f4xx_hal_cortex.o
 .text.HAL_NVIC_SetPriorityGrouping
                0x0000000008004a38       0x16 ./Drivers/STM32F4xx_HAL_Driver/Src/stm32f4xx_hal_cortex.o
                0x0000000008004a38                HAL_NVIC_SetPriorityGrouping
 .text.HAL_NVIC_SetPriority
                0x0000000008004a4e       0x38 ./Drivers/STM32F4xx_HAL_Driver/Src/stm32f4xx_hal_cortex.o
                0x0000000008004a4e                HAL_NVIC_SetPriority
 .text.HAL_NVIC_EnableIRQ
                0x0000000008004a86       0x1c ./Drivers/STM32F4xx_HAL_Driver/Src/stm32f4xx_hal_cortex.o
                0x0000000008004a86                HAL_NVIC_EnableIRQ
 .text.HAL_SYSTICK_Config
                0x0000000008004aa2       0x18 ./Drivers/STM32F4xx_HAL_Driver/Src/stm32f4xx_hal_cortex.o
                0x0000000008004aa2                HAL_SYSTICK_Config
 *fill*         0x0000000008004aba        0x2 
 .text.HAL_DMA_Init
                0x0000000008004abc      0x15c ./Drivers/STM32F4xx_HAL_Driver/Src/stm32f4xx_hal_dma.o
                0x0000000008004abc                HAL_DMA_Init
 .text.HAL_DMA_Start_IT
                0x0000000008004c18       0xb0 ./Drivers/STM32F4xx_HAL_Driver/Src/stm32f4xx_hal_dma.o
                0x0000000008004c18                HAL_DMA_Start_IT
 .text.HAL_DMA_IRQHandler
                0x0000000008004cc8      0x314 ./Drivers/STM32F4xx_HAL_Driver/Src/stm32f4xx_hal_dma.o
                0x0000000008004cc8                HAL_DMA_IRQHandler
 .text.DMA_SetConfig
                0x0000000008004fdc       0x5c ./Drivers/STM32F4xx_HAL_Driver/Src/stm32f4xx_hal_dma.o
 .text.DMA_CalcBaseAndBitshift
                0x0000000008005038       0x6c ./Drivers/STM32F4xx_HAL_Driver/Src/stm32f4xx_hal_dma.o
 .text.DMA_CheckFifoParam
                0x00000000080050a4       0xf8 ./Drivers/STM32F4xx_HAL_Driver/Src/stm32f4xx_hal_dma.o
 .text.HAL_GPIO_Init
                0x000000000800519c      0x338 ./Drivers/STM32F4xx_HAL_Driver/Src/stm32f4xx_hal_gpio.o
                0x000000000800519c                HAL_GPIO_Init
 .text.HAL_GPIO_ReadPin
                0x00000000080054d4       0x30 ./Drivers/STM32F4xx_HAL_Driver/Src/stm32f4xx_hal_gpio.o
                0x00000000080054d4                HAL_GPIO_ReadPin
 .text.HAL_GPIO_WritePin
                0x0000000008005504       0x32 ./Drivers/STM32F4xx_HAL_Driver/Src/stm32f4xx_hal_gpio.o
                0x0000000008005504                HAL_GPIO_WritePin
 *fill*         0x0000000008005536        0x2 
 .text.HAL_I2C_Init
                0x0000000008005538      0x288 ./Drivers/STM32F4xx_HAL_Driver/Src/stm32f4xx_hal_i2c.o
                0x0000000008005538                HAL_I2C_Init
 .text.HAL_RCC_OscConfig
                0x00000000080057c0      0x4f0 ./Drivers/STM32F4xx_HAL_Driver/Src/stm32f4xx_hal_rcc.o
                0x00000000080057c0                HAL_RCC_OscConfig
 .text.HAL_RCC_ClockConfig
                0x0000000008005cb0      0x1cc ./Drivers/STM32F4xx_HAL_Driver/Src/stm32f4xx_hal_rcc.o
                0x0000000008005cb0                HAL_RCC_ClockConfig
 .text.HAL_RCC_GetSysClockFreq
                0x0000000008005e7c      0x18c ./Drivers/STM32F4xx_HAL_Driver/Src/stm32f4xx_hal_rcc.o
                0x0000000008005e7c                HAL_RCC_GetSysClockFreq
 .text.HAL_RCC_GetHCLKFreq
                0x0000000008006008       0x18 ./Drivers/STM32F4xx_HAL_Driver/Src/stm32f4xx_hal_rcc.o
                0x0000000008006008                HAL_RCC_GetHCLKFreq
 .text.HAL_RCC_GetPCLK1Freq
                0x0000000008006020       0x28 ./Drivers/STM32F4xx_HAL_Driver/Src/stm32f4xx_hal_rcc.o
                0x0000000008006020                HAL_RCC_GetPCLK1Freq
 .text.HAL_RCC_GetPCLK2Freq
                0x0000000008006048       0x28 ./Drivers/STM32F4xx_HAL_Driver/Src/stm32f4xx_hal_rcc.o
                0x0000000008006048                HAL_RCC_GetPCLK2Freq
 .text.HAL_SPI_Init
                0x0000000008006070      0x112 ./Drivers/STM32F4xx_HAL_Driver/Src/stm32f4xx_hal_spi.o
                0x0000000008006070                HAL_SPI_Init
 .text.HAL_TIM_Base_Init
                0x0000000008006182       0x9e ./Drivers/STM32F4xx_HAL_Driver/Src/stm32f4xx_hal_tim.o
                0x0000000008006182                HAL_TIM_Base_Init
 .text.HAL_TIM_Base_Start_IT
                0x0000000008006220       0xe0 ./Drivers/STM32F4xx_HAL_Driver/Src/stm32f4xx_hal_tim.o
                0x0000000008006220                HAL_TIM_Base_Start_IT
 .text.HAL_TIM_Base_Stop_IT
                0x0000000008006300       0x5e ./Drivers/STM32F4xx_HAL_Driver/Src/stm32f4xx_hal_tim.o
                0x0000000008006300                HAL_TIM_Base_Stop_IT
 .text.HAL_TIM_PWM_Init
                0x000000000800635e       0x9e ./Drivers/STM32F4xx_HAL_Driver/Src/stm32f4xx_hal_tim.o
                0x000000000800635e                HAL_TIM_PWM_Init
 .text.HAL_TIM_PWM_Start_IT
                0x00000000080063fc      0x22c ./Drivers/STM32F4xx_HAL_Driver/Src/stm32f4xx_hal_tim.o
                0x00000000080063fc                HAL_TIM_PWM_Start_IT
 .text.HAL_TIM_Encoder_Init
                0x0000000008006628      0x14c ./Drivers/STM32F4xx_HAL_Driver/Src/stm32f4xx_hal_tim.o
                0x0000000008006628                HAL_TIM_Encoder_Init
 .text.HAL_TIM_Encoder_Start_IT
                0x0000000008006774      0x15c ./Drivers/STM32F4xx_HAL_Driver/Src/stm32f4xx_hal_tim.o
                0x0000000008006774                HAL_TIM_Encoder_Start_IT
 .text.HAL_TIM_IRQHandler
                0x00000000080068d0      0x210 ./Drivers/STM32F4xx_HAL_Driver/Src/stm32f4xx_hal_tim.o
                0x00000000080068d0                HAL_TIM_IRQHandler
 .text.HAL_TIM_PWM_ConfigChannel
                0x0000000008006ae0      0x184 ./Drivers/STM32F4xx_HAL_Driver/Src/stm32f4xx_hal_tim.o
                0x0000000008006ae0                HAL_TIM_PWM_ConfigChannel
 .text.HAL_TIM_OC_DelayElapsedCallback
                0x0000000008006c64       0x14 ./Drivers/STM32F4xx_HAL_Driver/Src/stm32f4xx_hal_tim.o
                0x0000000008006c64                HAL_TIM_OC_DelayElapsedCallback
 .text.HAL_TIM_IC_CaptureCallback
                0x0000000008006c78       0x14 ./Drivers/STM32F4xx_HAL_Driver/Src/stm32f4xx_hal_tim.o
                0x0000000008006c78                HAL_TIM_IC_CaptureCallback
 .text.HAL_TIM_PWM_PulseFinishedCallback
                0x0000000008006c8c       0x14 ./Drivers/STM32F4xx_HAL_Driver/Src/stm32f4xx_hal_tim.o
                0x0000000008006c8c                HAL_TIM_PWM_PulseFinishedCallback
 .text.HAL_TIM_TriggerCallback
                0x0000000008006ca0       0x14 ./Drivers/STM32F4xx_HAL_Driver/Src/stm32f4xx_hal_tim.o
                0x0000000008006ca0                HAL_TIM_TriggerCallback
 .text.TIM_Base_SetConfig
                0x0000000008006cb4      0x140 ./Drivers/STM32F4xx_HAL_Driver/Src/stm32f4xx_hal_tim.o
                0x0000000008006cb4                TIM_Base_SetConfig
 .text.TIM_OC1_SetConfig
                0x0000000008006df4       0xe0 ./Drivers/STM32F4xx_HAL_Driver/Src/stm32f4xx_hal_tim.o
 .text.TIM_OC2_SetConfig
                0x0000000008006ed4       0xec ./Drivers/STM32F4xx_HAL_Driver/Src/stm32f4xx_hal_tim.o
                0x0000000008006ed4                TIM_OC2_SetConfig
 .text.TIM_OC3_SetConfig
                0x0000000008006fc0       0xe8 ./Drivers/STM32F4xx_HAL_Driver/Src/stm32f4xx_hal_tim.o
 .text.TIM_OC4_SetConfig
                0x00000000080070a8       0xac ./Drivers/STM32F4xx_HAL_Driver/Src/stm32f4xx_hal_tim.o
 .text.TIM_CCxChannelCmd
                0x0000000008007154       0x4a ./Drivers/STM32F4xx_HAL_Driver/Src/stm32f4xx_hal_tim.o
                0x0000000008007154                TIM_CCxChannelCmd
 *fill*         0x000000000800719e        0x2 
 .text.HAL_TIMEx_MasterConfigSynchronization
                0x00000000080071a0       0xf8 ./Drivers/STM32F4xx_HAL_Driver/Src/stm32f4xx_hal_tim_ex.o
                0x00000000080071a0                HAL_TIMEx_MasterConfigSynchronization
 .text.HAL_TIMEx_ConfigBreakDeadTime
                0x0000000008007298       0xa4 ./Drivers/STM32F4xx_HAL_Driver/Src/stm32f4xx_hal_tim_ex.o
                0x0000000008007298                HAL_TIMEx_ConfigBreakDeadTime
 .text.HAL_TIMEx_CommutCallback
                0x000000000800733c       0x14 ./Drivers/STM32F4xx_HAL_Driver/Src/stm32f4xx_hal_tim_ex.o
                0x000000000800733c                HAL_TIMEx_CommutCallback
 .text.HAL_TIMEx_BreakCallback
                0x0000000008007350       0x14 ./Drivers/STM32F4xx_HAL_Driver/Src/stm32f4xx_hal_tim_ex.o
                0x0000000008007350                HAL_TIMEx_BreakCallback
 .text.HAL_UART_Init
                0x0000000008007364       0x9a ./Drivers/STM32F4xx_HAL_Driver/Src/stm32f4xx_hal_uart.o
                0x0000000008007364                HAL_UART_Init
 .text.HAL_UART_Transmit
                0x00000000080073fe      0x124 ./Drivers/STM32F4xx_HAL_Driver/Src/stm32f4xx_hal_uart.o
                0x00000000080073fe                HAL_UART_Transmit
 .text.UART_WaitOnFlagUntilTimeout
                0x0000000008007522       0xdc ./Drivers/STM32F4xx_HAL_Driver/Src/stm32f4xx_hal_uart.o
 *fill*         0x00000000080075fe        0x2 
 .text.UART_SetConfig
                0x0000000008007600      0x4e8 ./Drivers/STM32F4xx_HAL_Driver/Src/stm32f4xx_hal_uart.o
 .text.__errno  0x0000000008007ae8        0xc c:/st/stm32cubeide_1.11.2/stm32cubeide/plugins/com.st.stm32cube.ide.mcu.externaltools.gnu-tools-for-stm32.10.3-2021.10.win32_1.0.100.202210260954/tools/bin/../lib/gcc/arm-none-eabi/10.3.1/../../../../arm-none-eabi/lib/thumb/v7e-m+fp/hard\libc_nano.a(lib_a-errno.o)
                0x0000000008007ae8                __errno
 .text.__libc_init_array
                0x0000000008007af4       0x48 c:/st/stm32cubeide_1.11.2/stm32cubeide/plugins/com.st.stm32cube.ide.mcu.externaltools.gnu-tools-for-stm32.10.3-2021.10.win32_1.0.100.202210260954/tools/bin/../lib/gcc/arm-none-eabi/10.3.1/../../../../arm-none-eabi/lib/thumb/v7e-m+fp/hard\libc_nano.a(lib_a-init.o)
                0x0000000008007af4                __libc_init_array
 .text.memset   0x0000000008007b3c       0x10 c:/st/stm32cubeide_1.11.2/stm32cubeide/plugins/com.st.stm32cube.ide.mcu.externaltools.gnu-tools-for-stm32.10.3-2021.10.win32_1.0.100.202210260954/tools/bin/../lib/gcc/arm-none-eabi/10.3.1/../../../../arm-none-eabi/lib/thumb/v7e-m+fp/hard\libc_nano.a(lib_a-memset.o)
                0x0000000008007b3c                memset
 .text.__cvt    0x0000000008007b4c       0xc4 c:/st/stm32cubeide_1.11.2/stm32cubeide/plugins/com.st.stm32cube.ide.mcu.externaltools.gnu-tools-for-stm32.10.3-2021.10.win32_1.0.100.202210260954/tools/bin/../lib/gcc/arm-none-eabi/10.3.1/../../../../arm-none-eabi/lib/thumb/v7e-m+fp/hard\libc_nano.a(lib_a-nano-vfprintf_float.o)
                0x0000000008007b4c                __cvt
 .text.__exponent
                0x0000000008007c10       0x7c c:/st/stm32cubeide_1.11.2/stm32cubeide/plugins/com.st.stm32cube.ide.mcu.externaltools.gnu-tools-for-stm32.10.3-2021.10.win32_1.0.100.202210260954/tools/bin/../lib/gcc/arm-none-eabi/10.3.1/../../../../arm-none-eabi/lib/thumb/v7e-m+fp/hard\libc_nano.a(lib_a-nano-vfprintf_float.o)
                0x0000000008007c10                __exponent
 .text._printf_float
                0x0000000008007c8c      0x46c c:/st/stm32cubeide_1.11.2/stm32cubeide/plugins/com.st.stm32cube.ide.mcu.externaltools.gnu-tools-for-stm32.10.3-2021.10.win32_1.0.100.202210260954/tools/bin/../lib/gcc/arm-none-eabi/10.3.1/../../../../arm-none-eabi/lib/thumb/v7e-m+fp/hard\libc_nano.a(lib_a-nano-vfprintf_float.o)
                0x0000000008007c8c                _printf_float
 .text._printf_common
                0x00000000080080f8       0xda c:/st/stm32cubeide_1.11.2/stm32cubeide/plugins/com.st.stm32cube.ide.mcu.externaltools.gnu-tools-for-stm32.10.3-2021.10.win32_1.0.100.202210260954/tools/bin/../lib/gcc/arm-none-eabi/10.3.1/../../../../arm-none-eabi/lib/thumb/v7e-m+fp/hard\libc_nano.a(lib_a-nano-vfprintf_i.o)
                0x00000000080080f8                _printf_common
 *fill*         0x00000000080081d2        0x2 
 .text._printf_i
                0x00000000080081d4      0x24c c:/st/stm32cubeide_1.11.2/stm32cubeide/plugins/com.st.stm32cube.ide.mcu.externaltools.gnu-tools-for-stm32.10.3-2021.10.win32_1.0.100.202210260954/tools/bin/../lib/gcc/arm-none-eabi/10.3.1/../../../../arm-none-eabi/lib/thumb/v7e-m+fp/hard\libc_nano.a(lib_a-nano-vfprintf_i.o)
                0x00000000080081d4                _printf_i
 .text.printf   0x0000000008008420       0x30 c:/st/stm32cubeide_1.11.2/stm32cubeide/plugins/com.st.stm32cube.ide.mcu.externaltools.gnu-tools-for-stm32.10.3-2021.10.win32_1.0.100.202210260954/tools/bin/../lib/gcc/arm-none-eabi/10.3.1/../../../../arm-none-eabi/lib/thumb/v7e-m+fp/hard\libc_nano.a(lib_a-printf.o)
                0x0000000008008420                iprintf
                0x0000000008008420                printf
 .text._puts_r  0x0000000008008450       0xdc c:/st/stm32cubeide_1.11.2/stm32cubeide/plugins/com.st.stm32cube.ide.mcu.externaltools.gnu-tools-for-stm32.10.3-2021.10.win32_1.0.100.202210260954/tools/bin/../lib/gcc/arm-none-eabi/10.3.1/../../../../arm-none-eabi/lib/thumb/v7e-m+fp/hard\libc_nano.a(lib_a-puts.o)
                0x0000000008008450                _puts_r
 .text.puts     0x000000000800852c       0x10 c:/st/stm32cubeide_1.11.2/stm32cubeide/plugins/com.st.stm32cube.ide.mcu.externaltools.gnu-tools-for-stm32.10.3-2021.10.win32_1.0.100.202210260954/tools/bin/../lib/gcc/arm-none-eabi/10.3.1/../../../../arm-none-eabi/lib/thumb/v7e-m+fp/hard\libc_nano.a(lib_a-puts.o)
                0x000000000800852c                puts
 .text.__swbuf_r
                0x000000000800853c       0xa4 c:/st/stm32cubeide_1.11.2/stm32cubeide/plugins/com.st.stm32cube.ide.mcu.externaltools.gnu-tools-for-stm32.10.3-2021.10.win32_1.0.100.202210260954/tools/bin/../lib/gcc/arm-none-eabi/10.3.1/../../../../arm-none-eabi/lib/thumb/v7e-m+fp/hard\libc_nano.a(lib_a-wbuf.o)
                0x000000000800853c                __swbuf_r
 .text.__swsetup_r
                0x00000000080085e0       0xdc c:/st/stm32cubeide_1.11.2/stm32cubeide/plugins/com.st.stm32cube.ide.mcu.externaltools.gnu-tools-for-stm32.10.3-2021.10.win32_1.0.100.202210260954/tools/bin/../lib/gcc/arm-none-eabi/10.3.1/../../../../arm-none-eabi/lib/thumb/v7e-m+fp/hard\libc_nano.a(lib_a-wsetup.o)
                0x00000000080085e0                __swsetup_r
 .text.quorem   0x00000000080086bc      0x116 c:/st/stm32cubeide_1.11.2/stm32cubeide/plugins/com.st.stm32cube.ide.mcu.externaltools.gnu-tools-for-stm32.10.3-2021.10.win32_1.0.100.202210260954/tools/bin/../lib/gcc/arm-none-eabi/10.3.1/../../../../arm-none-eabi/lib/thumb/v7e-m+fp/hard\libc_nano.a(lib_a-dtoa.o)
 *fill*         0x00000000080087d2        0x6 
 .text._dtoa_r  0x00000000080087d8      0xbdc c:/st/stm32cubeide_1.11.2/stm32cubeide/plugins/com.st.stm32cube.ide.mcu.externaltools.gnu-tools-for-stm32.10.3-2021.10.win32_1.0.100.202210260954/tools/bin/../lib/gcc/arm-none-eabi/10.3.1/../../../../arm-none-eabi/lib/thumb/v7e-m+fp/hard\libc_nano.a(lib_a-dtoa.o)
                0x00000000080087d8                _dtoa_r
 .text.__sflush_r
                0x00000000080093b4      0x10c c:/st/stm32cubeide_1.11.2/stm32cubeide/plugins/com.st.stm32cube.ide.mcu.externaltools.gnu-tools-for-stm32.10.3-2021.10.win32_1.0.100.202210260954/tools/bin/../lib/gcc/arm-none-eabi/10.3.1/../../../../arm-none-eabi/lib/thumb/v7e-m+fp/hard\libc_nano.a(lib_a-fflush.o)
                0x00000000080093b4                __sflush_r
 .text._fflush_r
                0x00000000080094c0       0x78 c:/st/stm32cubeide_1.11.2/stm32cubeide/plugins/com.st.stm32cube.ide.mcu.externaltools.gnu-tools-for-stm32.10.3-2021.10.win32_1.0.100.202210260954/tools/bin/../lib/gcc/arm-none-eabi/10.3.1/../../../../arm-none-eabi/lib/thumb/v7e-m+fp/hard\libc_nano.a(lib_a-fflush.o)
                0x00000000080094c0                _fflush_r
 .text.std      0x0000000008009538       0x48 c:/st/stm32cubeide_1.11.2/stm32cubeide/plugins/com.st.stm32cube.ide.mcu.externaltools.gnu-tools-for-stm32.10.3-2021.10.win32_1.0.100.202210260954/tools/bin/../lib/gcc/arm-none-eabi/10.3.1/../../../../arm-none-eabi/lib/thumb/v7e-m+fp/hard\libc_nano.a(lib_a-findfp.o)
 .text._cleanup_r
                0x0000000008009580        0xc c:/st/stm32cubeide_1.11.2/stm32cubeide/plugins/com.st.stm32cube.ide.mcu.externaltools.gnu-tools-for-stm32.10.3-2021.10.win32_1.0.100.202210260954/tools/bin/../lib/gcc/arm-none-eabi/10.3.1/../../../../arm-none-eabi/lib/thumb/v7e-m+fp/hard\libc_nano.a(lib_a-findfp.o)
                0x0000000008009580                _cleanup_r
 .text.__sfmoreglue
                0x000000000800958c       0x2c c:/st/stm32cubeide_1.11.2/stm32cubeide/plugins/com.st.stm32cube.ide.mcu.externaltools.gnu-tools-for-stm32.10.3-2021.10.win32_1.0.100.202210260954/tools/bin/../lib/gcc/arm-none-eabi/10.3.1/../../../../arm-none-eabi/lib/thumb/v7e-m+fp/hard\libc_nano.a(lib_a-findfp.o)
                0x000000000800958c                __sfmoreglue
 .text.__sfp_lock_acquire
                0x00000000080095b8        0xc c:/st/stm32cubeide_1.11.2/stm32cubeide/plugins/com.st.stm32cube.ide.mcu.externaltools.gnu-tools-for-stm32.10.3-2021.10.win32_1.0.100.202210260954/tools/bin/../lib/gcc/arm-none-eabi/10.3.1/../../../../arm-none-eabi/lib/thumb/v7e-m+fp/hard\libc_nano.a(lib_a-findfp.o)
                0x00000000080095b8                __sfp_lock_acquire
 .text.__sfp_lock_release
                0x00000000080095c4        0xc c:/st/stm32cubeide_1.11.2/stm32cubeide/plugins/com.st.stm32cube.ide.mcu.externaltools.gnu-tools-for-stm32.10.3-2021.10.win32_1.0.100.202210260954/tools/bin/../lib/gcc/arm-none-eabi/10.3.1/../../../../arm-none-eabi/lib/thumb/v7e-m+fp/hard\libc_nano.a(lib_a-findfp.o)
                0x00000000080095c4                __sfp_lock_release
 .text.__sinit_lock_acquire
                0x00000000080095d0        0xc c:/st/stm32cubeide_1.11.2/stm32cubeide/plugins/com.st.stm32cube.ide.mcu.externaltools.gnu-tools-for-stm32.10.3-2021.10.win32_1.0.100.202210260954/tools/bin/../lib/gcc/arm-none-eabi/10.3.1/../../../../arm-none-eabi/lib/thumb/v7e-m+fp/hard\libc_nano.a(lib_a-findfp.o)
                0x00000000080095d0                __sinit_lock_acquire
 .text.__sinit_lock_release
                0x00000000080095dc        0xc c:/st/stm32cubeide_1.11.2/stm32cubeide/plugins/com.st.stm32cube.ide.mcu.externaltools.gnu-tools-for-stm32.10.3-2021.10.win32_1.0.100.202210260954/tools/bin/../lib/gcc/arm-none-eabi/10.3.1/../../../../arm-none-eabi/lib/thumb/v7e-m+fp/hard\libc_nano.a(lib_a-findfp.o)
                0x00000000080095dc                __sinit_lock_release
 .text.__sinit  0x00000000080095e8       0x70 c:/st/stm32cubeide_1.11.2/stm32cubeide/plugins/com.st.stm32cube.ide.mcu.externaltools.gnu-tools-for-stm32.10.3-2021.10.win32_1.0.100.202210260954/tools/bin/../lib/gcc/arm-none-eabi/10.3.1/../../../../arm-none-eabi/lib/thumb/v7e-m+fp/hard\libc_nano.a(lib_a-findfp.o)
                0x00000000080095e8                __sinit
 .text.__sfp    0x0000000008009658       0x8c c:/st/stm32cubeide_1.11.2/stm32cubeide/plugins/com.st.stm32cube.ide.mcu.externaltools.gnu-tools-for-stm32.10.3-2021.10.win32_1.0.100.202210260954/tools/bin/../lib/gcc/arm-none-eabi/10.3.1/../../../../arm-none-eabi/lib/thumb/v7e-m+fp/hard\libc_nano.a(lib_a-findfp.o)
                0x0000000008009658                __sfp
 .text._fwalk_reent
                0x00000000080096e4       0x3e c:/st/stm32cubeide_1.11.2/stm32cubeide/plugins/com.st.stm32cube.ide.mcu.externaltools.gnu-tools-for-stm32.10.3-2021.10.win32_1.0.100.202210260954/tools/bin/../lib/gcc/arm-none-eabi/10.3.1/../../../../arm-none-eabi/lib/thumb/v7e-m+fp/hard\libc_nano.a(lib_a-fwalk.o)
                0x00000000080096e4                _fwalk_reent
 *fill*         0x0000000008009722        0x2 
 .text._localeconv_r
                0x0000000008009724        0x8 c:/st/stm32cubeide_1.11.2/stm32cubeide/plugins/com.st.stm32cube.ide.mcu.externaltools.gnu-tools-for-stm32.10.3-2021.10.win32_1.0.100.202210260954/tools/bin/../lib/gcc/arm-none-eabi/10.3.1/../../../../arm-none-eabi/lib/thumb/v7e-m+fp/hard\libc_nano.a(lib_a-localeconv.o)
                0x0000000008009724                _localeconv_r
 .text.__retarget_lock_init_recursive
                0x000000000800972c        0x2 c:/st/stm32cubeide_1.11.2/stm32cubeide/plugins/com.st.stm32cube.ide.mcu.externaltools.gnu-tools-for-stm32.10.3-2021.10.win32_1.0.100.202210260954/tools/bin/../lib/gcc/arm-none-eabi/10.3.1/../../../../arm-none-eabi/lib/thumb/v7e-m+fp/hard\libc_nano.a(lib_a-lock.o)
                0x000000000800972c                __retarget_lock_init_recursive
 .text.__retarget_lock_acquire_recursive
                0x000000000800972e        0x2 c:/st/stm32cubeide_1.11.2/stm32cubeide/plugins/com.st.stm32cube.ide.mcu.externaltools.gnu-tools-for-stm32.10.3-2021.10.win32_1.0.100.202210260954/tools/bin/../lib/gcc/arm-none-eabi/10.3.1/../../../../arm-none-eabi/lib/thumb/v7e-m+fp/hard\libc_nano.a(lib_a-lock.o)
                0x000000000800972e                __retarget_lock_acquire_recursive
 .text.__retarget_lock_release_recursive
                0x0000000008009730        0x2 c:/st/stm32cubeide_1.11.2/stm32cubeide/plugins/com.st.stm32cube.ide.mcu.externaltools.gnu-tools-for-stm32.10.3-2021.10.win32_1.0.100.202210260954/tools/bin/../lib/gcc/arm-none-eabi/10.3.1/../../../../arm-none-eabi/lib/thumb/v7e-m+fp/hard\libc_nano.a(lib_a-lock.o)
                0x0000000008009730                __retarget_lock_release_recursive
 .text.__swhatbuf_r
                0x0000000008009732       0x4a c:/st/stm32cubeide_1.11.2/stm32cubeide/plugins/com.st.stm32cube.ide.mcu.externaltools.gnu-tools-for-stm32.10.3-2021.10.win32_1.0.100.202210260954/tools/bin/../lib/gcc/arm-none-eabi/10.3.1/../../../../arm-none-eabi/lib/thumb/v7e-m+fp/hard\libc_nano.a(lib_a-makebuf.o)
                0x0000000008009732                __swhatbuf_r
 .text.__smakebuf_r
                0x000000000800977c       0x80 c:/st/stm32cubeide_1.11.2/stm32cubeide/plugins/com.st.stm32cube.ide.mcu.externaltools.gnu-tools-for-stm32.10.3-2021.10.win32_1.0.100.202210260954/tools/bin/../lib/gcc/arm-none-eabi/10.3.1/../../../../arm-none-eabi/lib/thumb/v7e-m+fp/hard\libc_nano.a(lib_a-makebuf.o)
                0x000000000800977c                __smakebuf_r
 .text.malloc   0x00000000080097fc       0x10 c:/st/stm32cubeide_1.11.2/stm32cubeide/plugins/com.st.stm32cube.ide.mcu.externaltools.gnu-tools-for-stm32.10.3-2021.10.win32_1.0.100.202210260954/tools/bin/../lib/gcc/arm-none-eabi/10.3.1/../../../../arm-none-eabi/lib/thumb/v7e-m+fp/hard\libc_nano.a(lib_a-malloc.o)
                0x00000000080097fc                malloc
 .text.memcpy   0x000000000800980c       0x1c c:/st/stm32cubeide_1.11.2/stm32cubeide/plugins/com.st.stm32cube.ide.mcu.externaltools.gnu-tools-for-stm32.10.3-2021.10.win32_1.0.100.202210260954/tools/bin/../lib/gcc/arm-none-eabi/10.3.1/../../../../arm-none-eabi/lib/thumb/v7e-m+fp/hard\libc_nano.a(lib_a-memcpy-stub.o)
                0x000000000800980c                memcpy
 .text._Balloc  0x0000000008009828       0x80 c:/st/stm32cubeide_1.11.2/stm32cubeide/plugins/com.st.stm32cube.ide.mcu.externaltools.gnu-tools-for-stm32.10.3-2021.10.win32_1.0.100.202210260954/tools/bin/../lib/gcc/arm-none-eabi/10.3.1/../../../../arm-none-eabi/lib/thumb/v7e-m+fp/hard\libc_nano.a(lib_a-mprec.o)
                0x0000000008009828                _Balloc
 .text._Bfree   0x00000000080098a8       0x44 c:/st/stm32cubeide_1.11.2/stm32cubeide/plugins/com.st.stm32cube.ide.mcu.externaltools.gnu-tools-for-stm32.10.3-2021.10.win32_1.0.100.202210260954/tools/bin/../lib/gcc/arm-none-eabi/10.3.1/../../../../arm-none-eabi/lib/thumb/v7e-m+fp/hard\libc_nano.a(lib_a-mprec.o)
                0x00000000080098a8                _Bfree
 .text.__multadd
                0x00000000080098ec       0x8c c:/st/stm32cubeide_1.11.2/stm32cubeide/plugins/com.st.stm32cube.ide.mcu.externaltools.gnu-tools-for-stm32.10.3-2021.10.win32_1.0.100.202210260954/tools/bin/../lib/gcc/arm-none-eabi/10.3.1/../../../../arm-none-eabi/lib/thumb/v7e-m+fp/hard\libc_nano.a(lib_a-mprec.o)
                0x00000000080098ec                __multadd
 .text.__hi0bits
                0x0000000008009978       0x40 c:/st/stm32cubeide_1.11.2/stm32cubeide/plugins/com.st.stm32cube.ide.mcu.externaltools.gnu-tools-for-stm32.10.3-2021.10.win32_1.0.100.202210260954/tools/bin/../lib/gcc/arm-none-eabi/10.3.1/../../../../arm-none-eabi/lib/thumb/v7e-m+fp/hard\libc_nano.a(lib_a-mprec.o)
                0x0000000008009978                __hi0bits
 .text.__lo0bits
                0x00000000080099b8       0x5e c:/st/stm32cubeide_1.11.2/stm32cubeide/plugins/com.st.stm32cube.ide.mcu.externaltools.gnu-tools-for-stm32.10.3-2021.10.win32_1.0.100.202210260954/tools/bin/../lib/gcc/arm-none-eabi/10.3.1/../../../../arm-none-eabi/lib/thumb/v7e-m+fp/hard\libc_nano.a(lib_a-mprec.o)
                0x00000000080099b8                __lo0bits
 *fill*         0x0000000008009a16        0x2 
 .text.__i2b    0x0000000008009a18       0x2c c:/st/stm32cubeide_1.11.2/stm32cubeide/plugins/com.st.stm32cube.ide.mcu.externaltools.gnu-tools-for-stm32.10.3-2021.10.win32_1.0.100.202210260954/tools/bin/../lib/gcc/arm-none-eabi/10.3.1/../../../../arm-none-eabi/lib/thumb/v7e-m+fp/hard\libc_nano.a(lib_a-mprec.o)
                0x0000000008009a18                __i2b
 .text.__multiply
                0x0000000008009a44      0x154 c:/st/stm32cubeide_1.11.2/stm32cubeide/plugins/com.st.stm32cube.ide.mcu.externaltools.gnu-tools-for-stm32.10.3-2021.10.win32_1.0.100.202210260954/tools/bin/../lib/gcc/arm-none-eabi/10.3.1/../../../../arm-none-eabi/lib/thumb/v7e-m+fp/hard\libc_nano.a(lib_a-mprec.o)
                0x0000000008009a44                __multiply
 .text.__pow5mult
                0x0000000008009b98       0xb4 c:/st/stm32cubeide_1.11.2/stm32cubeide/plugins/com.st.stm32cube.ide.mcu.externaltools.gnu-tools-for-stm32.10.3-2021.10.win32_1.0.100.202210260954/tools/bin/../lib/gcc/arm-none-eabi/10.3.1/../../../../arm-none-eabi/lib/thumb/v7e-m+fp/hard\libc_nano.a(lib_a-mprec.o)
                0x0000000008009b98                __pow5mult
 .text.__lshift
                0x0000000008009c4c       0xe0 c:/st/stm32cubeide_1.11.2/stm32cubeide/plugins/com.st.stm32cube.ide.mcu.externaltools.gnu-tools-for-stm32.10.3-2021.10.win32_1.0.100.202210260954/tools/bin/../lib/gcc/arm-none-eabi/10.3.1/../../../../arm-none-eabi/lib/thumb/v7e-m+fp/hard\libc_nano.a(lib_a-mprec.o)
                0x0000000008009c4c                __lshift
 .text.__mcmp   0x0000000008009d2c       0x38 c:/st/stm32cubeide_1.11.2/stm32cubeide/plugins/com.st.stm32cube.ide.mcu.externaltools.gnu-tools-for-stm32.10.3-2021.10.win32_1.0.100.202210260954/tools/bin/../lib/gcc/arm-none-eabi/10.3.1/../../../../arm-none-eabi/lib/thumb/v7e-m+fp/hard\libc_nano.a(lib_a-mprec.o)
                0x0000000008009d2c                __mcmp
 .text.__mdiff  0x0000000008009d64      0x114 c:/st/stm32cubeide_1.11.2/stm32cubeide/plugins/com.st.stm32cube.ide.mcu.externaltools.gnu-tools-for-stm32.10.3-2021.10.win32_1.0.100.202210260954/tools/bin/../lib/gcc/arm-none-eabi/10.3.1/../../../../arm-none-eabi/lib/thumb/v7e-m+fp/hard\libc_nano.a(lib_a-mprec.o)
                0x0000000008009d64                __mdiff
 .text.__d2b    0x0000000008009e78       0xb8 c:/st/stm32cubeide_1.11.2/stm32cubeide/plugins/com.st.stm32cube.ide.mcu.externaltools.gnu-tools-for-stm32.10.3-2021.10.win32_1.0.100.202210260954/tools/bin/../lib/gcc/arm-none-eabi/10.3.1/../../../../arm-none-eabi/lib/thumb/v7e-m+fp/hard\libc_nano.a(lib_a-mprec.o)
                0x0000000008009e78                __d2b
 .text._calloc_r
                0x0000000008009f30       0x2c c:/st/stm32cubeide_1.11.2/stm32cubeide/plugins/com.st.stm32cube.ide.mcu.externaltools.gnu-tools-for-stm32.10.3-2021.10.win32_1.0.100.202210260954/tools/bin/../lib/gcc/arm-none-eabi/10.3.1/../../../../arm-none-eabi/lib/thumb/v7e-m+fp/hard\libc_nano.a(lib_a-nano-callocr.o)
                0x0000000008009f30                _calloc_r
 .text._free_r  0x0000000008009f5c       0x98 c:/st/stm32cubeide_1.11.2/stm32cubeide/plugins/com.st.stm32cube.ide.mcu.externaltools.gnu-tools-for-stm32.10.3-2021.10.win32_1.0.100.202210260954/tools/bin/../lib/gcc/arm-none-eabi/10.3.1/../../../../arm-none-eabi/lib/thumb/v7e-m+fp/hard\libc_nano.a(lib_a-nano-freer.o)
                0x0000000008009f5c                _free_r
 .text.sbrk_aligned
                0x0000000008009ff4       0x40 c:/st/stm32cubeide_1.11.2/stm32cubeide/plugins/com.st.stm32cube.ide.mcu.externaltools.gnu-tools-for-stm32.10.3-2021.10.win32_1.0.100.202210260954/tools/bin/../lib/gcc/arm-none-eabi/10.3.1/../../../../arm-none-eabi/lib/thumb/v7e-m+fp/hard\libc_nano.a(lib_a-nano-mallocr.o)
 .text._malloc_r
                0x000000000800a034       0xe8 c:/st/stm32cubeide_1.11.2/stm32cubeide/plugins/com.st.stm32cube.ide.mcu.externaltools.gnu-tools-for-stm32.10.3-2021.10.win32_1.0.100.202210260954/tools/bin/../lib/gcc/arm-none-eabi/10.3.1/../../../../arm-none-eabi/lib/thumb/v7e-m+fp/hard\libc_nano.a(lib_a-nano-mallocr.o)
                0x000000000800a034                _malloc_r
 .text.__sfputc_r
                0x000000000800a11c       0x2e c:/st/stm32cubeide_1.11.2/stm32cubeide/plugins/com.st.stm32cube.ide.mcu.externaltools.gnu-tools-for-stm32.10.3-2021.10.win32_1.0.100.202210260954/tools/bin/../lib/gcc/arm-none-eabi/10.3.1/../../../../arm-none-eabi/lib/thumb/v7e-m+fp/hard\libc_nano.a(lib_a-nano-vfprintf.o)
 .text.__sfputs_r
                0x000000000800a14a       0x24 c:/st/stm32cubeide_1.11.2/stm32cubeide/plugins/com.st.stm32cube.ide.mcu.externaltools.gnu-tools-for-stm32.10.3-2021.10.win32_1.0.100.202210260954/tools/bin/../lib/gcc/arm-none-eabi/10.3.1/../../../../arm-none-eabi/lib/thumb/v7e-m+fp/hard\libc_nano.a(lib_a-nano-vfprintf.o)
                0x000000000800a14a                __sfputs_r
 *fill*         0x000000000800a16e        0x2 
 .text._vfprintf_r
                0x000000000800a170      0x260 c:/st/stm32cubeide_1.11.2/stm32cubeide/plugins/com.st.stm32cube.ide.mcu.externaltools.gnu-tools-for-stm32.10.3-2021.10.win32_1.0.100.202210260954/tools/bin/../lib/gcc/arm-none-eabi/10.3.1/../../../../arm-none-eabi/lib/thumb/v7e-m+fp/hard\libc_nano.a(lib_a-nano-vfprintf.o)
                0x000000000800a170                _vfprintf_r
                0x000000000800a170                _vfiprintf_r
 .text._sbrk_r  0x000000000800a3d0       0x20 c:/st/stm32cubeide_1.11.2/stm32cubeide/plugins/com.st.stm32cube.ide.mcu.externaltools.gnu-tools-for-stm32.10.3-2021.10.win32_1.0.100.202210260954/tools/bin/../lib/gcc/arm-none-eabi/10.3.1/../../../../arm-none-eabi/lib/thumb/v7e-m+fp/hard\libc_nano.a(lib_a-sbrkr.o)
                0x000000000800a3d0                _sbrk_r
 .text.__sread  0x000000000800a3f0       0x22 c:/st/stm32cubeide_1.11.2/stm32cubeide/plugins/com.st.stm32cube.ide.mcu.externaltools.gnu-tools-for-stm32.10.3-2021.10.win32_1.0.100.202210260954/tools/bin/../lib/gcc/arm-none-eabi/10.3.1/../../../../arm-none-eabi/lib/thumb/v7e-m+fp/hard\libc_nano.a(lib_a-stdio.o)
                0x000000000800a3f0                __sread
 .text.__swrite
                0x000000000800a412       0x38 c:/st/stm32cubeide_1.11.2/stm32cubeide/plugins/com.st.stm32cube.ide.mcu.externaltools.gnu-tools-for-stm32.10.3-2021.10.win32_1.0.100.202210260954/tools/bin/../lib/gcc/arm-none-eabi/10.3.1/../../../../arm-none-eabi/lib/thumb/v7e-m+fp/hard\libc_nano.a(lib_a-stdio.o)
                0x000000000800a412                __swrite
 .text.__sseek  0x000000000800a44a       0x24 c:/st/stm32cubeide_1.11.2/stm32cubeide/plugins/com.st.stm32cube.ide.mcu.externaltools.gnu-tools-for-stm32.10.3-2021.10.win32_1.0.100.202210260954/tools/bin/../lib/gcc/arm-none-eabi/10.3.1/../../../../arm-none-eabi/lib/thumb/v7e-m+fp/hard\libc_nano.a(lib_a-stdio.o)
                0x000000000800a44a                __sseek
 .text.__sclose
                0x000000000800a46e        0x8 c:/st/stm32cubeide_1.11.2/stm32cubeide/plugins/com.st.stm32cube.ide.mcu.externaltools.gnu-tools-for-stm32.10.3-2021.10.win32_1.0.100.202210260954/tools/bin/../lib/gcc/arm-none-eabi/10.3.1/../../../../arm-none-eabi/lib/thumb/v7e-m+fp/hard\libc_nano.a(lib_a-stdio.o)
                0x000000000800a46e                __sclose
 *fill*         0x000000000800a476        0x2 
 .text._write_r
                0x000000000800a478       0x24 c:/st/stm32cubeide_1.11.2/stm32cubeide/plugins/com.st.stm32cube.ide.mcu.externaltools.gnu-tools-for-stm32.10.3-2021.10.win32_1.0.100.202210260954/tools/bin/../lib/gcc/arm-none-eabi/10.3.1/../../../../arm-none-eabi/lib/thumb/v7e-m+fp/hard\libc_nano.a(lib_a-writer.o)
                0x000000000800a478                _write_r
 .text.__assert_func
                0x000000000800a49c       0x3c c:/st/stm32cubeide_1.11.2/stm32cubeide/plugins/com.st.stm32cube.ide.mcu.externaltools.gnu-tools-for-stm32.10.3-2021.10.win32_1.0.100.202210260954/tools/bin/../lib/gcc/arm-none-eabi/10.3.1/../../../../arm-none-eabi/lib/thumb/v7e-m+fp/hard\libc_nano.a(lib_a-assert.o)
                0x000000000800a49c                __assert_func
 .text._close_r
                0x000000000800a4d8       0x20 c:/st/stm32cubeide_1.11.2/stm32cubeide/plugins/com.st.stm32cube.ide.mcu.externaltools.gnu-tools-for-stm32.10.3-2021.10.win32_1.0.100.202210260954/tools/bin/../lib/gcc/arm-none-eabi/10.3.1/../../../../arm-none-eabi/lib/thumb/v7e-m+fp/hard\libc_nano.a(lib_a-closer.o)
                0x000000000800a4d8                _close_r
 .text.fprintf  0x000000000800a4f8       0x24 c:/st/stm32cubeide_1.11.2/stm32cubeide/plugins/com.st.stm32cube.ide.mcu.externaltools.gnu-tools-for-stm32.10.3-2021.10.win32_1.0.100.202210260954/tools/bin/../lib/gcc/arm-none-eabi/10.3.1/../../../../arm-none-eabi/lib/thumb/v7e-m+fp/hard\libc_nano.a(lib_a-fprintf.o)
                0x000000000800a4f8                fiprintf
                0x000000000800a4f8                fprintf
 .text._fstat_r
                0x000000000800a51c       0x24 c:/st/stm32cubeide_1.11.2/stm32cubeide/plugins/com.st.stm32cube.ide.mcu.externaltools.gnu-tools-for-stm32.10.3-2021.10.win32_1.0.100.202210260954/tools/bin/../lib/gcc/arm-none-eabi/10.3.1/../../../../arm-none-eabi/lib/thumb/v7e-m+fp/hard\libc_nano.a(lib_a-fstatr.o)
                0x000000000800a51c                _fstat_r
 .text._isatty_r
                0x000000000800a540       0x20 c:/st/stm32cubeide_1.11.2/stm32cubeide/plugins/com.st.stm32cube.ide.mcu.externaltools.gnu-tools-for-stm32.10.3-2021.10.win32_1.0.100.202210260954/tools/bin/../lib/gcc/arm-none-eabi/10.3.1/../../../../arm-none-eabi/lib/thumb/v7e-m+fp/hard\libc_nano.a(lib_a-isattyr.o)
                0x000000000800a540                _isatty_r
 .text._lseek_r
                0x000000000800a560       0x24 c:/st/stm32cubeide_1.11.2/stm32cubeide/plugins/com.st.stm32cube.ide.mcu.externaltools.gnu-tools-for-stm32.10.3-2021.10.win32_1.0.100.202210260954/tools/bin/../lib/gcc/arm-none-eabi/10.3.1/../../../../arm-none-eabi/lib/thumb/v7e-m+fp/hard\libc_nano.a(lib_a-lseekr.o)
                0x000000000800a560                _lseek_r
 .text.__ascii_mbtowc
                0x000000000800a584       0x24 c:/st/stm32cubeide_1.11.2/stm32cubeide/plugins/com.st.stm32cube.ide.mcu.externaltools.gnu-tools-for-stm32.10.3-2021.10.win32_1.0.100.202210260954/tools/bin/../lib/gcc/arm-none-eabi/10.3.1/../../../../arm-none-eabi/lib/thumb/v7e-m+fp/hard\libc_nano.a(lib_a-mbtowc_r.o)
                0x000000000800a584                __ascii_mbtowc
 .text.__malloc_lock
                0x000000000800a5a8        0xc c:/st/stm32cubeide_1.11.2/stm32cubeide/plugins/com.st.stm32cube.ide.mcu.externaltools.gnu-tools-for-stm32.10.3-2021.10.win32_1.0.100.202210260954/tools/bin/../lib/gcc/arm-none-eabi/10.3.1/../../../../arm-none-eabi/lib/thumb/v7e-m+fp/hard\libc_nano.a(lib_a-mlock.o)
                0x000000000800a5a8                __malloc_lock
 .text.__malloc_unlock
                0x000000000800a5b4        0xc c:/st/stm32cubeide_1.11.2/stm32cubeide/plugins/com.st.stm32cube.ide.mcu.externaltools.gnu-tools-for-stm32.10.3-2021.10.win32_1.0.100.202210260954/tools/bin/../lib/gcc/arm-none-eabi/10.3.1/../../../../arm-none-eabi/lib/thumb/v7e-m+fp/hard\libc_nano.a(lib_a-mlock.o)
                0x000000000800a5b4                __malloc_unlock
 .text._read_r  0x000000000800a5c0       0x24 c:/st/stm32cubeide_1.11.2/stm32cubeide/plugins/com.st.stm32cube.ide.mcu.externaltools.gnu-tools-for-stm32.10.3-2021.10.win32_1.0.100.202210260954/tools/bin/../lib/gcc/arm-none-eabi/10.3.1/../../../../arm-none-eabi/lib/thumb/v7e-m+fp/hard\libc_nano.a(lib_a-readr.o)
                0x000000000800a5c0                _read_r
 .text.__ascii_wctomb
                0x000000000800a5e4       0x1a c:/st/stm32cubeide_1.11.2/stm32cubeide/plugins/com.st.stm32cube.ide.mcu.externaltools.gnu-tools-for-stm32.10.3-2021.10.win32_1.0.100.202210260954/tools/bin/../lib/gcc/arm-none-eabi/10.3.1/../../../../arm-none-eabi/lib/thumb/v7e-m+fp/hard\libc_nano.a(lib_a-wctomb_r.o)
                0x000000000800a5e4                __ascii_wctomb
 .text.abort    0x000000000800a5fe        0xe c:/st/stm32cubeide_1.11.2/stm32cubeide/plugins/com.st.stm32cube.ide.mcu.externaltools.gnu-tools-for-stm32.10.3-2021.10.win32_1.0.100.202210260954/tools/bin/../lib/gcc/arm-none-eabi/10.3.1/../../../../arm-none-eabi/lib/thumb/v7e-m+fp/hard\libc_nano.a(lib_a-abort.o)
                0x000000000800a5fe                abort
 .text._raise_r
                0x000000000800a60c       0x50 c:/st/stm32cubeide_1.11.2/stm32cubeide/plugins/com.st.stm32cube.ide.mcu.externaltools.gnu-tools-for-stm32.10.3-2021.10.win32_1.0.100.202210260954/tools/bin/../lib/gcc/arm-none-eabi/10.3.1/../../../../arm-none-eabi/lib/thumb/v7e-m+fp/hard\libc_nano.a(lib_a-signal.o)
                0x000000000800a60c                _raise_r
 .text.raise    0x000000000800a65c       0x10 c:/st/stm32cubeide_1.11.2/stm32cubeide/plugins/com.st.stm32cube.ide.mcu.externaltools.gnu-tools-for-stm32.10.3-2021.10.win32_1.0.100.202210260954/tools/bin/../lib/gcc/arm-none-eabi/10.3.1/../../../../arm-none-eabi/lib/thumb/v7e-m+fp/hard\libc_nano.a(lib_a-signal.o)
                0x000000000800a65c                raise
 .text._kill_r  0x000000000800a66c       0x24 c:/st/stm32cubeide_1.11.2/stm32cubeide/plugins/com.st.stm32cube.ide.mcu.externaltools.gnu-tools-for-stm32.10.3-2021.10.win32_1.0.100.202210260954/tools/bin/../lib/gcc/arm-none-eabi/10.3.1/../../../../arm-none-eabi/lib/thumb/v7e-m+fp/hard\libc_nano.a(lib_a-signalr.o)
                0x000000000800a66c                _kill_r
 .text._getpid_r
                0x000000000800a690        0x4 c:/st/stm32cubeide_1.11.2/stm32cubeide/plugins/com.st.stm32cube.ide.mcu.externaltools.gnu-tools-for-stm32.10.3-2021.10.win32_1.0.100.202210260954/tools/bin/../lib/gcc/arm-none-eabi/10.3.1/../../../../arm-none-eabi/lib/thumb/v7e-m+fp/hard\libc_nano.a(lib_a-signalr.o)
                0x000000000800a690                _getpid_r
 .text.cosf     0x000000000800a694       0x88 c:/st/stm32cubeide_1.11.2/stm32cubeide/plugins/com.st.stm32cube.ide.mcu.externaltools.gnu-tools-for-stm32.10.3-2021.10.win32_1.0.100.202210260954/tools/bin/../lib/gcc/arm-none-eabi/10.3.1/../../../../arm-none-eabi/lib/thumb/v7e-m+fp/hard\libm.a(lib_a-sf_cos.o)
                0x000000000800a694                cosf
 .text.sinf     0x000000000800a71c       0x8c c:/st/stm32cubeide_1.11.2/stm32cubeide/plugins/com.st.stm32cube.ide.mcu.externaltools.gnu-tools-for-stm32.10.3-2021.10.win32_1.0.100.202210260954/tools/bin/../lib/gcc/arm-none-eabi/10.3.1/../../../../arm-none-eabi/lib/thumb/v7e-m+fp/hard\libm.a(lib_a-sf_sin.o)
                0x000000000800a71c                sinf
 .text.sqrt     0x000000000800a7a8       0x58 c:/st/stm32cubeide_1.11.2/stm32cubeide/plugins/com.st.stm32cube.ide.mcu.externaltools.gnu-tools-for-stm32.10.3-2021.10.win32_1.0.100.202210260954/tools/bin/../lib/gcc/arm-none-eabi/10.3.1/../../../../arm-none-eabi/lib/thumb/v7e-m+fp/hard\libm.a(lib_a-w_sqrt.o)
                0x000000000800a7a8                sqrt
 .text.__ieee754_sqrt
                0x000000000800a800      0x164 c:/st/stm32cubeide_1.11.2/stm32cubeide/plugins/com.st.stm32cube.ide.mcu.externaltools.gnu-tools-for-stm32.10.3-2021.10.win32_1.0.100.202210260954/tools/bin/../lib/gcc/arm-none-eabi/10.3.1/../../../../arm-none-eabi/lib/thumb/v7e-m+fp/hard\libm.a(lib_a-e_sqrt.o)
                0x000000000800a800                __ieee754_sqrt
 .text.__ieee754_rem_pio2f
                0x000000000800a964      0x278 c:/st/stm32cubeide_1.11.2/stm32cubeide/plugins/com.st.stm32cube.ide.mcu.externaltools.gnu-tools-for-stm32.10.3-2021.10.win32_1.0.100.202210260954/tools/bin/../lib/gcc/arm-none-eabi/10.3.1/../../../../arm-none-eabi/lib/thumb/v7e-m+fp/hard\libm.a(lib_a-ef_rem_pio2.o)
                0x000000000800a964                __ieee754_rem_pio2f
 .text.__kernel_cosf
                0x000000000800abdc       0xc0 c:/st/stm32cubeide_1.11.2/stm32cubeide/plugins/com.st.stm32cube.ide.mcu.externaltools.gnu-tools-for-stm32.10.3-2021.10.win32_1.0.100.202210260954/tools/bin/../lib/gcc/arm-none-eabi/10.3.1/../../../../arm-none-eabi/lib/thumb/v7e-m+fp/hard\libm.a(lib_a-kf_cos.o)
                0x000000000800abdc                __kernel_cosf
 .text.__kernel_rem_pio2f
                0x000000000800ac9c      0x4ec c:/st/stm32cubeide_1.11.2/stm32cubeide/plugins/com.st.stm32cube.ide.mcu.externaltools.gnu-tools-for-stm32.10.3-2021.10.win32_1.0.100.202210260954/tools/bin/../lib/gcc/arm-none-eabi/10.3.1/../../../../arm-none-eabi/lib/thumb/v7e-m+fp/hard\libm.a(lib_a-kf_rem_pio2.o)
                0x000000000800ac9c                __kernel_rem_pio2f
 .text.__kernel_sinf
                0x000000000800b188       0x90 c:/st/stm32cubeide_1.11.2/stm32cubeide/plugins/com.st.stm32cube.ide.mcu.externaltools.gnu-tools-for-stm32.10.3-2021.10.win32_1.0.100.202210260954/tools/bin/../lib/gcc/arm-none-eabi/10.3.1/../../../../arm-none-eabi/lib/thumb/v7e-m+fp/hard\libm.a(lib_a-kf_sin.o)
                0x000000000800b188                __kernel_sinf
 .text.fabsf    0x000000000800b218        0xe c:/st/stm32cubeide_1.11.2/stm32cubeide/plugins/com.st.stm32cube.ide.mcu.externaltools.gnu-tools-for-stm32.10.3-2021.10.win32_1.0.100.202210260954/tools/bin/../lib/gcc/arm-none-eabi/10.3.1/../../../../arm-none-eabi/lib/thumb/v7e-m+fp/hard\libm.a(lib_a-sf_fabs.o)
                0x000000000800b218                fabsf
 *fill*         0x000000000800b226        0x2 
 .text.floorf   0x000000000800b228       0x84 c:/st/stm32cubeide_1.11.2/stm32cubeide/plugins/com.st.stm32cube.ide.mcu.externaltools.gnu-tools-for-stm32.10.3-2021.10.win32_1.0.100.202210260954/tools/bin/../lib/gcc/arm-none-eabi/10.3.1/../../../../arm-none-eabi/lib/thumb/v7e-m+fp/hard\libm.a(lib_a-sf_floor.o)
                0x000000000800b228                floorf
 .text.scalbnf  0x000000000800b2ac       0xe4 c:/st/stm32cubeide_1.11.2/stm32cubeide/plugins/com.st.stm32cube.ide.mcu.externaltools.gnu-tools-for-stm32.10.3-2021.10.win32_1.0.100.202210260954/tools/bin/../lib/gcc/arm-none-eabi/10.3.1/../../../../arm-none-eabi/lib/thumb/v7e-m+fp/hard\libm.a(lib_a-sf_scalbn.o)
                0x000000000800b2ac                scalbnf
 *(.glue_7)
 .glue_7        0x000000000800b390        0x0 linker stubs
 *(.glue_7t)
 .glue_7t       0x000000000800b390        0x0 linker stubs
 *(.eh_frame)
 .eh_frame      0x000000000800b390        0x0 c:/st/stm32cubeide_1.11.2/stm32cubeide/plugins/com.st.stm32cube.ide.mcu.externaltools.gnu-tools-for-stm32.10.3-2021.10.win32_1.0.100.202210260954/tools/bin/../lib/gcc/arm-none-eabi/10.3.1/thumb/v7e-m+fp/hard/crtbegin.o
 *(.init)
 .init          0x000000000800b390        0x4 c:/st/stm32cubeide_1.11.2/stm32cubeide/plugins/com.st.stm32cube.ide.mcu.externaltools.gnu-tools-for-stm32.10.3-2021.10.win32_1.0.100.202210260954/tools/bin/../lib/gcc/arm-none-eabi/10.3.1/thumb/v7e-m+fp/hard/crti.o
                0x000000000800b390                _init
 .init          0x000000000800b394        0x8 c:/st/stm32cubeide_1.11.2/stm32cubeide/plugins/com.st.stm32cube.ide.mcu.externaltools.gnu-tools-for-stm32.10.3-2021.10.win32_1.0.100.202210260954/tools/bin/../lib/gcc/arm-none-eabi/10.3.1/thumb/v7e-m+fp/hard/crtn.o
 *(.fini)
 .fini          0x000000000800b39c        0x4 c:/st/stm32cubeide_1.11.2/stm32cubeide/plugins/com.st.stm32cube.ide.mcu.externaltools.gnu-tools-for-stm32.10.3-2021.10.win32_1.0.100.202210260954/tools/bin/../lib/gcc/arm-none-eabi/10.3.1/thumb/v7e-m+fp/hard/crti.o
                0x000000000800b39c                _fini
 .fini          0x000000000800b3a0        0x8 c:/st/stm32cubeide_1.11.2/stm32cubeide/plugins/com.st.stm32cube.ide.mcu.externaltools.gnu-tools-for-stm32.10.3-2021.10.win32_1.0.100.202210260954/tools/bin/../lib/gcc/arm-none-eabi/10.3.1/thumb/v7e-m+fp/hard/crtn.o
                0x000000000800b3a8                . = ALIGN (0x4)
                0x000000000800b3a8                _etext = .

.vfp11_veneer   0x000000000800b3a8        0x0
 .vfp11_veneer  0x000000000800b3a8        0x0 linker stubs

.v4_bx          0x000000000800b3a8        0x0
 .v4_bx         0x000000000800b3a8        0x0 linker stubs

.iplt           0x000000000800b3a8        0x0
 .iplt          0x000000000800b3a8        0x0 c:/st/stm32cubeide_1.11.2/stm32cubeide/plugins/com.st.stm32cube.ide.mcu.externaltools.gnu-tools-for-stm32.10.3-2021.10.win32_1.0.100.202210260954/tools/bin/../lib/gcc/arm-none-eabi/10.3.1/thumb/v7e-m+fp/hard/crtbegin.o

.rodata         0x000000000800b3a8      0x804
                0x000000000800b3a8                . = ALIGN (0x4)
 *(.rodata)
 .rodata        0x000000000800b3a8       0x3a ./Core/Src/sensor.o
 *(.rodata*)
 *fill*         0x000000000800b3e2        0x2 
 .rodata.AHBPrescTable
                0x000000000800b3e4       0x10 ./Core/Src/system_stm32f4xx.o
                0x000000000800b3e4                AHBPrescTable
 .rodata.APBPrescTable
                0x000000000800b3f4        0x8 ./Core/Src/system_stm32f4xx.o
                0x000000000800b3f4                APBPrescTable
 .rodata.flagBitshiftOffset.0
                0x000000000800b3fc        0x8 ./Drivers/STM32F4xx_HAL_Driver/Src/stm32f4xx_hal_dma.o
 .rodata._global_impure_ptr
                0x000000000800b404        0x4 c:/st/stm32cubeide_1.11.2/stm32cubeide/plugins/com.st.stm32cube.ide.mcu.externaltools.gnu-tools-for-stm32.10.3-2021.10.win32_1.0.100.202210260954/tools/bin/../lib/gcc/arm-none-eabi/10.3.1/../../../../arm-none-eabi/lib/thumb/v7e-m+fp/hard\libc_nano.a(lib_a-impure.o)
                0x000000000800b404                _global_impure_ptr
 .rodata._printf_float.str1.1
                0x000000000800b408       0x12 c:/st/stm32cubeide_1.11.2/stm32cubeide/plugins/com.st.stm32cube.ide.mcu.externaltools.gnu-tools-for-stm32.10.3-2021.10.win32_1.0.100.202210260954/tools/bin/../lib/gcc/arm-none-eabi/10.3.1/../../../../arm-none-eabi/lib/thumb/v7e-m+fp/hard\libc_nano.a(lib_a-nano-vfprintf_float.o)
 .rodata._printf_i.str1.1
                0x000000000800b41a       0x22 c:/st/stm32cubeide_1.11.2/stm32cubeide/plugins/com.st.stm32cube.ide.mcu.externaltools.gnu-tools-for-stm32.10.3-2021.10.win32_1.0.100.202210260954/tools/bin/../lib/gcc/arm-none-eabi/10.3.1/../../../../arm-none-eabi/lib/thumb/v7e-m+fp/hard\libc_nano.a(lib_a-nano-vfprintf_i.o)
 .rodata._dtoa_r.str1.1
                0x000000000800b43c       0x90 c:/st/stm32cubeide_1.11.2/stm32cubeide/plugins/com.st.stm32cube.ide.mcu.externaltools.gnu-tools-for-stm32.10.3-2021.10.win32_1.0.100.202210260954/tools/bin/../lib/gcc/arm-none-eabi/10.3.1/../../../../arm-none-eabi/lib/thumb/v7e-m+fp/hard\libc_nano.a(lib_a-dtoa.o)
                                         0x92 (size before relaxing)
 .rodata.__sf_fake_stderr
                0x000000000800b4cc       0x20 c:/st/stm32cubeide_1.11.2/stm32cubeide/plugins/com.st.stm32cube.ide.mcu.externaltools.gnu-tools-for-stm32.10.3-2021.10.win32_1.0.100.202210260954/tools/bin/../lib/gcc/arm-none-eabi/10.3.1/../../../../arm-none-eabi/lib/thumb/v7e-m+fp/hard\libc_nano.a(lib_a-findfp.o)
                0x000000000800b4cc                __sf_fake_stderr
 .rodata.__sf_fake_stdin
                0x000000000800b4ec       0x20 c:/st/stm32cubeide_1.11.2/stm32cubeide/plugins/com.st.stm32cube.ide.mcu.externaltools.gnu-tools-for-stm32.10.3-2021.10.win32_1.0.100.202210260954/tools/bin/../lib/gcc/arm-none-eabi/10.3.1/../../../../arm-none-eabi/lib/thumb/v7e-m+fp/hard\libc_nano.a(lib_a-findfp.o)
                0x000000000800b4ec                __sf_fake_stdin
 .rodata.__sf_fake_stdout
                0x000000000800b50c       0x20 c:/st/stm32cubeide_1.11.2/stm32cubeide/plugins/com.st.stm32cube.ide.mcu.externaltools.gnu-tools-for-stm32.10.3-2021.10.win32_1.0.100.202210260954/tools/bin/../lib/gcc/arm-none-eabi/10.3.1/../../../../arm-none-eabi/lib/thumb/v7e-m+fp/hard\libc_nano.a(lib_a-findfp.o)
                0x000000000800b50c                __sf_fake_stdout
 .rodata._Balloc.str1.1
                0x000000000800b52c       0x5c c:/st/stm32cubeide_1.11.2/stm32cubeide/plugins/com.st.stm32cube.ide.mcu.externaltools.gnu-tools-for-stm32.10.3-2021.10.win32_1.0.100.202210260954/tools/bin/../lib/gcc/arm-none-eabi/10.3.1/../../../../arm-none-eabi/lib/thumb/v7e-m+fp/hard\libc_nano.a(lib_a-mprec.o)
                                         0x73 (size before relaxing)
 .rodata.__multadd.str1.1
                0x000000000800b588       0x11 c:/st/stm32cubeide_1.11.2/stm32cubeide/plugins/com.st.stm32cube.ide.mcu.externaltools.gnu-tools-for-stm32.10.3-2021.10.win32_1.0.100.202210260954/tools/bin/../lib/gcc/arm-none-eabi/10.3.1/../../../../arm-none-eabi/lib/thumb/v7e-m+fp/hard\libc_nano.a(lib_a-mprec.o)
 .rodata.__mprec_bigtens
                0x000000000800b588       0x28 c:/st/stm32cubeide_1.11.2/stm32cubeide/plugins/com.st.stm32cube.ide.mcu.externaltools.gnu-tools-for-stm32.10.3-2021.10.win32_1.0.100.202210260954/tools/bin/../lib/gcc/arm-none-eabi/10.3.1/../../../../arm-none-eabi/lib/thumb/v7e-m+fp/hard\libc_nano.a(lib_a-mprec.o)
                0x000000000800b588                __mprec_bigtens
 .rodata.__mprec_tens
                0x000000000800b5b0       0xc8 c:/st/stm32cubeide_1.11.2/stm32cubeide/plugins/com.st.stm32cube.ide.mcu.externaltools.gnu-tools-for-stm32.10.3-2021.10.win32_1.0.100.202210260954/tools/bin/../lib/gcc/arm-none-eabi/10.3.1/../../../../arm-none-eabi/lib/thumb/v7e-m+fp/hard\libc_nano.a(lib_a-mprec.o)
                0x000000000800b5b0                __mprec_tens
 .rodata.p05.0  0x000000000800b678        0xc c:/st/stm32cubeide_1.11.2/stm32cubeide/plugins/com.st.stm32cube.ide.mcu.externaltools.gnu-tools-for-stm32.10.3-2021.10.win32_1.0.100.202210260954/tools/bin/../lib/gcc/arm-none-eabi/10.3.1/../../../../arm-none-eabi/lib/thumb/v7e-m+fp/hard\libc_nano.a(lib_a-mprec.o)
 .rodata._vfprintf_r.str1.1
                0x000000000800b684       0x11 c:/st/stm32cubeide_1.11.2/stm32cubeide/plugins/com.st.stm32cube.ide.mcu.externaltools.gnu-tools-for-stm32.10.3-2021.10.win32_1.0.100.202210260954/tools/bin/../lib/gcc/arm-none-eabi/10.3.1/../../../../arm-none-eabi/lib/thumb/v7e-m+fp/hard\libc_nano.a(lib_a-nano-vfprintf.o)
 .rodata.__assert_func.str1.1
                0x000000000800b695       0x3c c:/st/stm32cubeide_1.11.2/stm32cubeide/plugins/com.st.stm32cube.ide.mcu.externaltools.gnu-tools-for-stm32.10.3-2021.10.win32_1.0.100.202210260954/tools/bin/../lib/gcc/arm-none-eabi/10.3.1/../../../../arm-none-eabi/lib/thumb/v7e-m+fp/hard\libc_nano.a(lib_a-assert.o)
                                         0x3d (size before relaxing)
 .rodata._setlocale_r.str1.1
                0x000000000800b6d1        0x8 c:/st/stm32cubeide_1.11.2/stm32cubeide/plugins/com.st.stm32cube.ide.mcu.externaltools.gnu-tools-for-stm32.10.3-2021.10.win32_1.0.100.202210260954/tools/bin/../lib/gcc/arm-none-eabi/10.3.1/../../../../arm-none-eabi/lib/thumb/v7e-m+fp/hard\libc_nano.a(lib_a-locale.o)
                                          0x9 (size before relaxing)
 .rodata.str1.1
                0x000000000800b6d9        0x2 c:/st/stm32cubeide_1.11.2/stm32cubeide/plugins/com.st.stm32cube.ide.mcu.externaltools.gnu-tools-for-stm32.10.3-2021.10.win32_1.0.100.202210260954/tools/bin/../lib/gcc/arm-none-eabi/10.3.1/../../../../arm-none-eabi/lib/thumb/v7e-m+fp/hard\libc_nano.a(lib_a-locale.o)
 .rodata._ctype_
                0x000000000800b6db      0x101 c:/st/stm32cubeide_1.11.2/stm32cubeide/plugins/com.st.stm32cube.ide.mcu.externaltools.gnu-tools-for-stm32.10.3-2021.10.win32_1.0.100.202210260954/tools/bin/../lib/gcc/arm-none-eabi/10.3.1/../../../../arm-none-eabi/lib/thumb/v7e-m+fp/hard\libc_nano.a(lib_a-ctype_.o)
                0x000000000800b6db                _ctype_
 .rodata.npio2_hw
                0x000000000800b7dc       0x80 c:/st/stm32cubeide_1.11.2/stm32cubeide/plugins/com.st.stm32cube.ide.mcu.externaltools.gnu-tools-for-stm32.10.3-2021.10.win32_1.0.100.202210260954/tools/bin/../lib/gcc/arm-none-eabi/10.3.1/../../../../arm-none-eabi/lib/thumb/v7e-m+fp/hard\libm.a(lib_a-ef_rem_pio2.o)
 .rodata.two_over_pi
                0x000000000800b85c      0x318 c:/st/stm32cubeide_1.11.2/stm32cubeide/plugins/com.st.stm32cube.ide.mcu.externaltools.gnu-tools-for-stm32.10.3-2021.10.win32_1.0.100.202210260954/tools/bin/../lib/gcc/arm-none-eabi/10.3.1/../../../../arm-none-eabi/lib/thumb/v7e-m+fp/hard\libm.a(lib_a-ef_rem_pio2.o)
 .rodata.PIo2   0x000000000800bb74       0x2c c:/st/stm32cubeide_1.11.2/stm32cubeide/plugins/com.st.stm32cube.ide.mcu.externaltools.gnu-tools-for-stm32.10.3-2021.10.win32_1.0.100.202210260954/tools/bin/../lib/gcc/arm-none-eabi/10.3.1/../../../../arm-none-eabi/lib/thumb/v7e-m+fp/hard\libm.a(lib_a-kf_rem_pio2.o)
 .rodata.init_jk
                0x000000000800bba0        0xc c:/st/stm32cubeide_1.11.2/stm32cubeide/plugins/com.st.stm32cube.ide.mcu.externaltools.gnu-tools-for-stm32.10.3-2021.10.win32_1.0.100.202210260954/tools/bin/../lib/gcc/arm-none-eabi/10.3.1/../../../../arm-none-eabi/lib/thumb/v7e-m+fp/hard\libm.a(lib_a-kf_rem_pio2.o)
                0x000000000800bbac                . = ALIGN (0x4)

.ARM.extab      0x000000000800bbac        0x0
                0x000000000800bbac                . = ALIGN (0x4)
 *(.ARM.extab* .gnu.linkonce.armextab.*)
                0x000000000800bbac                . = ALIGN (0x4)

.ARM            0x000000000800bbac        0x8
                0x000000000800bbac                . = ALIGN (0x4)
                0x000000000800bbac                __exidx_start = .
 *(.ARM.exidx*)
 .ARM.exidx     0x000000000800bbac        0x8 c:/st/stm32cubeide_1.11.2/stm32cubeide/plugins/com.st.stm32cube.ide.mcu.externaltools.gnu-tools-for-stm32.10.3-2021.10.win32_1.0.100.202210260954/tools/bin/../lib/gcc/arm-none-eabi/10.3.1/thumb/v7e-m+fp/hard\libgcc.a(_udivmoddi4.o)
                0x000000000800bbb4                __exidx_end = .
                0x000000000800bbb4                . = ALIGN (0x4)

.rel.dyn        0x000000000800bbb4        0x0
 .rel.iplt      0x000000000800bbb4        0x0 c:/st/stm32cubeide_1.11.2/stm32cubeide/plugins/com.st.stm32cube.ide.mcu.externaltools.gnu-tools-for-stm32.10.3-2021.10.win32_1.0.100.202210260954/tools/bin/../lib/gcc/arm-none-eabi/10.3.1/thumb/v7e-m+fp/hard/crtbegin.o

.preinit_array  0x000000000800bbb4        0x0
                0x000000000800bbb4                . = ALIGN (0x4)
                0x000000000800bbb4                PROVIDE (__preinit_array_start = .)
 *(.preinit_array*)
                0x000000000800bbb4                PROVIDE (__preinit_array_end = .)
                0x000000000800bbb4                . = ALIGN (0x4)

.init_array     0x000000000800bbb4        0x4
                0x000000000800bbb4                . = ALIGN (0x4)
                0x000000000800bbb4                PROVIDE (__init_array_start = .)
 *(SORT_BY_NAME(.init_array.*))
 *(.init_array*)
 .init_array    0x000000000800bbb4        0x4 c:/st/stm32cubeide_1.11.2/stm32cubeide/plugins/com.st.stm32cube.ide.mcu.externaltools.gnu-tools-for-stm32.10.3-2021.10.win32_1.0.100.202210260954/tools/bin/../lib/gcc/arm-none-eabi/10.3.1/thumb/v7e-m+fp/hard/crtbegin.o
                0x000000000800bbb8                PROVIDE (__init_array_end = .)
                0x000000000800bbb8                . = ALIGN (0x4)

.fini_array     0x000000000800bbb8        0x4
                0x000000000800bbb8                . = ALIGN (0x4)
                [!provide]                        PROVIDE (__fini_array_start = .)
 *(SORT_BY_NAME(.fini_array.*))
 *(.fini_array*)
 .fini_array    0x000000000800bbb8        0x4 c:/st/stm32cubeide_1.11.2/stm32cubeide/plugins/com.st.stm32cube.ide.mcu.externaltools.gnu-tools-for-stm32.10.3-2021.10.win32_1.0.100.202210260954/tools/bin/../lib/gcc/arm-none-eabi/10.3.1/thumb/v7e-m+fp/hard/crtbegin.o
                [!provide]                        PROVIDE (__fini_array_end = .)
                0x000000000800bbbc                . = ALIGN (0x4)
                0x000000000800bbbc                _sidata = LOADADDR (.data)

.data           0x0000000020000000      0x21c load address 0x000000000800bbbc
                0x0000000020000000                . = ALIGN (0x4)
                0x0000000020000000                _sdata = .
 *(.data)
 *(.data*)
 .data.Kp       0x0000000020000000        0x4 ./Core/Src/sensor.o
                0x0000000020000000                Kp
 .data.Kd       0x0000000020000004        0x4 ./Core/Src/sensor.o
                0x0000000020000004                Kd
 .data.Line_min
                0x0000000020000008       0x34 ./Core/Src/sensor.o
                0x0000000020000008                Line_min
 .data.first_call.2
                0x000000002000003c        0x1 ./Core/Src/sensor.o
 *fill*         0x000000002000003d        0x3 
 .data.SystemCoreClock
                0x0000000020000040        0x4 ./Core/Src/system_stm32f4xx.o
                0x0000000020000040                SystemCoreClock
 .data.uwTickPrio
                0x0000000020000044        0x4 ./Drivers/STM32F4xx_HAL_Driver/Src/stm32f4xx_hal.o
                0x0000000020000044                uwTickPrio
 .data.uwTickFreq
                0x0000000020000048        0x1 ./Drivers/STM32F4xx_HAL_Driver/Src/stm32f4xx_hal.o
                0x0000000020000048                uwTickFreq
 *fill*         0x0000000020000049        0x3 
 .data._impure_ptr
                0x000000002000004c        0x4 c:/st/stm32cubeide_1.11.2/stm32cubeide/plugins/com.st.stm32cube.ide.mcu.externaltools.gnu-tools-for-stm32.10.3-2021.10.win32_1.0.100.202210260954/tools/bin/../lib/gcc/arm-none-eabi/10.3.1/../../../../arm-none-eabi/lib/thumb/v7e-m+fp/hard\libc_nano.a(lib_a-impure.o)
                0x000000002000004c                _impure_ptr
 .data.impure_data
                0x0000000020000050       0x60 c:/st/stm32cubeide_1.11.2/stm32cubeide/plugins/com.st.stm32cube.ide.mcu.externaltools.gnu-tools-for-stm32.10.3-2021.10.win32_1.0.100.202210260954/tools/bin/../lib/gcc/arm-none-eabi/10.3.1/../../../../arm-none-eabi/lib/thumb/v7e-m+fp/hard\libc_nano.a(lib_a-impure.o)
 .data.__global_locale
                0x00000000200000b0      0x16c c:/st/stm32cubeide_1.11.2/stm32cubeide/plugins/com.st.stm32cube.ide.mcu.externaltools.gnu-tools-for-stm32.10.3-2021.10.win32_1.0.100.202210260954/tools/bin/../lib/gcc/arm-none-eabi/10.3.1/../../../../arm-none-eabi/lib/thumb/v7e-m+fp/hard\libc_nano.a(lib_a-locale.o)
                0x00000000200000b0                __global_locale
 *(.RamFunc)
 *(.RamFunc*)
                0x000000002000021c                . = ALIGN (0x4)
                0x000000002000021c                _edata = .
                0x000000000800bdd8                _siccmram = LOADADDR (.ccmram)

.igot.plt       0x000000002000021c        0x0 load address 0x000000000800bdd8
 .igot.plt      0x000000002000021c        0x0 c:/st/stm32cubeide_1.11.2/stm32cubeide/plugins/com.st.stm32cube.ide.mcu.externaltools.gnu-tools-for-stm32.10.3-2021.10.win32_1.0.100.202210260954/tools/bin/../lib/gcc/arm-none-eabi/10.3.1/thumb/v7e-m+fp/hard/crtbegin.o

.ccmram         0x0000000010000000        0x0 load address 0x000000000800bdd8
                0x0000000010000000                . = ALIGN (0x4)
                0x0000000010000000                _sccmram = .
 *(.ccmram)
 *(.ccmram*)
                0x0000000010000000                . = ALIGN (0x4)
                0x0000000010000000                _eccmram = .
                0x0000000010000000                . = ALIGN (0x4)

.bss            0x000000002000021c    0x156fc
                0x000000002000021c                _sbss = .
                0x000000002000021c                __bss_start__ = _sbss
 *(.bss)
 .bss           0x000000002000021c       0x1c c:/st/stm32cubeide_1.11.2/stm32cubeide/plugins/com.st.stm32cube.ide.mcu.externaltools.gnu-tools-for-stm32.10.3-2021.10.win32_1.0.100.202210260954/tools/bin/../lib/gcc/arm-none-eabi/10.3.1/thumb/v7e-m+fp/hard/crtbegin.o
 *(.bss*)
 .bss.mode      0x0000000020000238        0x4 ./Core/Src/SW1.o
                0x0000000020000238                mode
 .bss.calibrate_count
                0x000000002000023c        0x4 ./Core/Src/SW1.o
                0x000000002000023c                calibrate_count
 .bss.test_flag
                0x0000000020000240        0x2 ./Core/Src/main.o
                0x0000000020000240                test_flag
 *fill*         0x0000000020000242        0x2 
 .bss.average_cross
                0x0000000020000244        0x4 ./Core/Src/main.o
                0x0000000020000244                average_cross
 .bss.hadc1     0x0000000020000248       0x48 ./Core/Src/main.o
                0x0000000020000248                hadc1
 .bss.hdma_adc1
                0x0000000020000290       0x60 ./Core/Src/main.o
                0x0000000020000290                hdma_adc1
 .bss.hi2c1     0x00000000200002f0       0x54 ./Core/Src/main.o
                0x00000000200002f0                hi2c1
 .bss.hspi3     0x0000000020000344       0x58 ./Core/Src/main.o
                0x0000000020000344                hspi3
 .bss.htim1     0x000000002000039c       0x48 ./Core/Src/main.o
                0x000000002000039c                htim1
 .bss.htim2     0x00000000200003e4       0x48 ./Core/Src/main.o
                0x00000000200003e4                htim2
 .bss.htim3     0x000000002000042c       0x48 ./Core/Src/main.o
                0x000000002000042c                htim3
 .bss.htim4     0x0000000020000474       0x48 ./Core/Src/main.o
                0x0000000020000474                htim4
 .bss.htim6     0x00000000200004bc       0x48 ./Core/Src/main.o
                0x00000000200004bc                htim6
 .bss.htim7     0x0000000020000504       0x48 ./Core/Src/main.o
                0x0000000020000504                htim7
 .bss.htim8     0x000000002000054c       0x48 ./Core/Src/main.o
                0x000000002000054c                htim8
 .bss.huart6    0x0000000020000594       0x44 ./Core/Src/main.o
                0x0000000020000594                huart6
 .bss.accumulation
                0x00000000200005d8        0x4 ./Core/Src/sensor.o
                0x00000000200005d8                accumulation
 .bss.distance_1ms
                0x00000000200005dc        0x4 ./Core/Src/sensor.o
                0x00000000200005dc                distance_1ms
 .bss.distance_1ms_L