../Core/Src/main.c:83:6:HAL_TIM_PeriodElapsedCallback	16	static
../Core/Src/main.c:115:6:HAL_ADC_ConvCpltCallback	16	static
../Core/Src/main.c:123:5:main	8	static
../Core/Src/main.c:229:6:SystemClock_Config	88	static
../Core/Src/main.c:276:13:MX_ADC1_Init	24	static
../Core/Src/main.c:433:13:MX_I2C1_Init	8	static
../Core/Src/main.c:464:13:MX_SPI3_Init	8	static
../Core/Src/main.c:499:13:MX_TIM1_Init	80	static
../Core/Src/main.c:561:13:MX_TIM2_Init	48	static
../Core/Src/main.c:607:13:MX_TIM3_Init	56	static
../Core/Src/main.c:653:13:MX_TIM4_Init	56	static
../Core/Src/main.c:699:13:MX_TIM6_Init	16	static
../Core/Src/main.c:734:13:MX_TIM7_Init	16	static
../Core/Src/main.c:772:13:MX_TIM8_Init	80	static
../Core/Src/main.c:833:13:MX_USART6_UART_Init	8	static
../Core/Src/main.c:861:13:MX_DMA_Init	16	static
../Core/Src/main.c:879:13:MX_GPIO_Init	48	static
../Core/Src/main.c:957:6:Error_Handler	4	static
