../Core/Src/main.c:69:6:HAL_TIM_PeriodElapsedCallback	16	static
../Core/Src/main.c:76:6:HAL_ADC_ConvCpltCallback	16	static
../Core/Src/main.c:85:5:main	8	static
../Core/Src/main.c:181:6:SystemClock_Config	88	static
../Core/Src/main.c:225:13:MX_ADC1_Init	24	static
../Core/Src/main.c:367:13:MX_I2C1_Init	8	static
../Core/Src/main.c:396:13:MX_SPI3_Init	8	static
../Core/Src/main.c:429:13:MX_TIM1_Init	80	static
../Core/Src/main.c:489:13:MX_TIM2_Init	48	static
../Core/Src/main.c:533:13:MX_TIM3_Init	56	static
../Core/Src/main.c:577:13:MX_TIM4_Init	56	static
../Core/Src/main.c:621:13:MX_TIM6_Init	16	static
../Core/Src/main.c:654:13:MX_TIM8_Init	80	static
../Core/Src/main.c:713:13:MX_USART6_UART_Init	8	static
../Core/Src/main.c:739:13:MX_DMA_Init	16	static
../Core/Src/main.c:756:13:MX_GPIO_Init	48	static
../Core/Src/main.c:839:6:Error_Handler	4	static
