../Core/Src/sensor.c:69:6:readSens	16	static
../Core/Src/sensor.c:80:6:readSens2	8	static
../Core/Src/sensor.c:87:6:calibrate_sensors	16	static
../Core/Src/sensor.c:117:7:sens_get	24	static
../Core/Src/sensor.c:154:7:calculateEncoderSpeed	8	static
../Core/Src/sensor.c:228:7:EncoderSpeed	48	static
../Core/Src/sensor.c:270:6:SpeedControl_NoENC	64	static
../Core/Src/sensor.c:346:6:BuildSegmentTable	2096	static
../Core/Src/sensor.c:368:6:VelocityPlan	8	static
../Core/Src/sensor.c:392:7:decideSpeed	16	static
../Core/Src/sensor.c:401:6:PrintVelocityData	40	static
../Core/Src/sensor.c:416:6:odom_update	40	static
../Core/Src/sensor.c:431:6:fit_circle_kasa	248	static
